################################################################################
#                                                                              #
#      IAR Universal Linker V4.61T/W32                                         #
#                                                                              #
#           Link time     =  06/Nov/2014  11:18:31                             #
#           Target CPU    =  x51                                               #
#           List file     =  C:\Users\youngem1\Documents\GitHub\ME391_HW3\work #
#                            space\ide\srf05_cc2530\iar\temp\light_switch.map  #
#           Output file 1 =  C:\Users\youngem1\Documents\GitHub\ME391_HW3\work #
#                            space\ide\srf05_cc2530\iar\light_switch.hex       #
#                            Format: intel-extended                            #
#           Output file 2 =  C:\Users\youngem1\Documents\GitHub\ME391_HW3\work #
#                            space\ide\srf05_cc2530\iar\light_switch.d51       #
#                            Format: debug                                     #
#                            UBROF version 10.0.3                              #
#                            Using library modules for C-SPY (-rt)             #
#           Command line  =  "-IC:\Program Files\IAR Systems\Embedded Workbenc #
#                            h 5.4\8051\CONFIG\"                               #
#                            -D_NR_OF_BANKS=0x07 -D_CODEBANK_END=0xFFFF        #
#                            -D_CODEBANK_START=0x8000 -D?CBANK_MASK=0x07       #
#                            -D?CBANK=0x9F                                     #
#                            C:\Users\youngem1\Documents\GitHub\ME391_HW3\work #
#                            space\ide\srf05_cc2530\iar\temp\light_switch\adc. #
#                            r51                                               #
#                            C:\Users\youngem1\Documents\GitHub\ME391_HW3\work #
#                            space\ide\srf05_cc2530\iar\temp\light_switch\basi #
#                            c_rf.r51                                          #
#                            C:\Users\youngem1\Documents\GitHub\ME391_HW3\work #
#                            space\ide\srf05_cc2530\iar\temp\light_switch\basi #
#                            c_rf_security.r51                                 #
#                            C:\Users\youngem1\Documents\GitHub\ME391_HW3\work #
#                            space\ide\srf05_cc2530\iar\temp\light_switch\cloc #
#                            k.r51                                             #
#                            C:\Users\youngem1\Documents\GitHub\ME391_HW3\work #
#                            space\ide\srf05_cc2530\iar\temp\light_switch\hal_ #
#                            assert.r51                                        #
#                            C:\Users\youngem1\Documents\GitHub\ME391_HW3\work #
#                            space\ide\srf05_cc2530\iar\temp\light_switch\hal_ #
#                            board.r51                                         #
#                            C:\Users\youngem1\Documents\GitHub\ME391_HW3\work #
#                            space\ide\srf05_cc2530\iar\temp\light_switch\hal_ #
#                            button.r51                                        #
#                            C:\Users\youngem1\Documents\GitHub\ME391_HW3\work #
#                            space\ide\srf05_cc2530\iar\temp\light_switch\hal_ #
#                            digio.r51                                         #
#                            C:\Users\youngem1\Documents\GitHub\ME391_HW3\work #
#                            space\ide\srf05_cc2530\iar\temp\light_switch\hal_ #
#                            int.r51                                           #
#                            C:\Users\youngem1\Documents\GitHub\ME391_HW3\work #
#                            space\ide\srf05_cc2530\iar\temp\light_switch\hal_ #
#                            joystick.r51                                      #
#                            C:\Users\youngem1\Documents\GitHub\ME391_HW3\work #
#                            space\ide\srf05_cc2530\iar\temp\light_switch\hal_ #
#                            lcd_srf05.r51                                     #
#                            C:\Users\youngem1\Documents\GitHub\ME391_HW3\work #
#                            space\ide\srf05_cc2530\iar\temp\light_switch\hal_ #
#                            led.r51                                           #
#                            C:\Users\youngem1\Documents\GitHub\ME391_HW3\work #
#                            space\ide\srf05_cc2530\iar\temp\light_switch\hal_ #
#                            mcu.r51                                           #
#                            C:\Users\youngem1\Documents\GitHub\ME391_HW3\work #
#                            space\ide\srf05_cc2530\iar\temp\light_switch\hal_ #
#                            rf.r51                                            #
#                            C:\Users\youngem1\Documents\GitHub\ME391_HW3\work #
#                            space\ide\srf05_cc2530\iar\temp\light_switch\hal_ #
#                            rf_security.r51                                   #
#                            C:\Users\youngem1\Documents\GitHub\ME391_HW3\work #
#                            space\ide\srf05_cc2530\iar\temp\light_switch\ligh #
#                            t_switch.r51                                      #
#                            C:\Users\youngem1\Documents\GitHub\ME391_HW3\work #
#                            space\ide\srf05_cc2530\iar\temp\light_switch\util #
#                            .r51                                              #
#                            C:\Users\youngem1\Documents\GitHub\ME391_HW3\work #
#                            space\ide\srf05_cc2530\iar\temp\light_switch\util #
#                            _buffer.r51                                       #
#                            C:\Users\youngem1\Documents\GitHub\ME391_HW3\work #
#                            space\ide\srf05_cc2530\iar\temp\light_switch\util #
#                            _lcd.r51                                          #
#                            -o                                                #
#                            C:\Users\youngem1\Documents\GitHub\ME391_HW3\work #
#                            space\ide\srf05_cc2530\iar\light_switch.d51       #
#                            -l                                                #
#                            C:\Users\youngem1\Documents\GitHub\ME391_HW3\work #
#                            space\ide\srf05_cc2530\iar\temp\light_switch.map  #
#                            -xmsn                                             #
#                            "-IC:\Program Files\IAR Systems\Embedded Workbenc #
#                            h 5.4\8051\LIB\"                                  #
#                            -f                                                #
#                            "C:\Program Files\IAR Systems\Embedded Workbench  #
#                            5.4\8051\config\devices\Texas Instruments\lnk51ew #
#                            _cc2530F256_banked.xcl"                           #
#                            (-D_IDATA0_START=0x00 -D_IDATA0_END=0xFF          #
#                            -D_PDATA0_START=0x1E00 -D_PDATA0_END=0x1EFF       #
#                            -D_IXDATA0_START=0x0001 -D_IXDATA0_END=0x1EFF     #
#                            -D_XDATA0_START=_IXDATA0_START                    #
#                            -D_XDATA0_END=_IXDATA0_END                        #
#                            -D_NEAR_CODE_START=0x0000                         #
#                            -D_FIRST_BANK_ADDR=0x10000 -D?REGISTER_BANK=0x0   #
#                            -D_REGISTER_BANK_START=0x0 -D?PBANK_NUMBER=0x1E   #
#                            -D_BREG_START=0x00 -D?VB=0x20 -D?ESP=0x9B         #
#                            -Z(BIT)BREG=_BREG_START -Z(BIT)BIT_N=0-7F         #
#                            -Z(DATA)REGISTERS+8=_REGISTER_BANK_START          #
#                            -Z(DATA)BDATA_Z,BDATA_N,BDATA_I=20-2F             #
#                            -Z(DATA)VREG+_NR_OF_VIRTUAL_REGISTERS=08-7F       #
#                            -Z(DATA)PSP,XSP=08-7F -Z(DATA)DOVERLAY=08-7F      #
#                            -Z(DATA)DATA_I,DATA_Z,DATA_N=08-7F                #
#                            -U(IDATA)0-7F=(DATA)0-7F                          #
#                            -Z(IDATA)IDATA_I,IDATA_Z,IDATA_N=08-_IDATA0_END   #
#                            -Z(IDATA)ISTACK+_IDATA_STACK_SIZE#08-_IDATA0_END  #
#                            -Z(IDATA)IOVERLAY=08-FF -Z(CODE)INTVEC=0          #
#                            -Z(CODE)CSTART=_NEAR_CODE_START-(_CODEBANK_START- #
#                            1)                                                #
#                            -Z(CODE)BIT_ID,BDATA_ID,DATA_ID,IDATA_ID,IXDATA_I #
#                            D,PDATA_ID,XDATA_ID=_NEAR_CODE_START-(_CODEBANK_S #
#                            TART-1)                                           #
#                            -Z(CODE)BANK_RELAYS,RCODE,DIFUNCT,CODE_C,CODE_N,N #
#                            EAR_CODE=_NEAR_CODE_START-(_CODEBANK_START-1)     #
#                            -P(CODE)BANKED_CODE=_NEAR_CODE_START-(_CODEBANK_S #
#                            TART-1),[(_CODEBANK_START+_FIRST_BANK_ADDR)-(_COD #
#                            EBANK_END+_FIRST_BANK_ADDR)]*_NR_OF_BANKS+10000   #
#                            -Z(CODE)CHECKSUM#(_CODEBANK_START-1)              #
#                            -Z(XDATA)EXT_STACK+_EXTENDED_STACK_SIZE=_EXTENDED #
#                            _STACK_START                                      #
#                            -Z(XDATA)PSTACK+_PDATA_STACK_SIZE=_PDATA0_START-_ #
#                            PDATA0_END                                        #
#                            -Z(XDATA)XSTACK+_XDATA_STACK_SIZE=_XDATA0_START-_ #
#                            XDATA0_END                                        #
#                            -Z(XDATA)PDATA_Z,PDATA_I=_PDATA0_START-_PDATA0_EN #
#                            D                                                 #
#                            -P(XDATA)PDATA_N=_PDATA0_START-_PDATA0_END        #
#                            -Z(XDATA)IXDATA_Z,IXDATA_I=_IXDATA0_START-_IXDATA #
#                            0_END                                             #
#                            -P(XDATA)IXDATA_N=_IXDATA0_START-_IXDATA0_END     #
#                            -Z(XDATA)XDATA_Z,XDATA_I=_XDATA0_START-_XDATA0_EN #
#                            D                                                 #
#                            -P(XDATA)XDATA_N=_XDATA0_START-_XDATA0_END        #
#                            -Z(XDATA)XDATA_HEAP+_XDATA_HEAP_SIZE=_XDATA0_STAR #
#                            T-_XDATA0_END                                     #
#                            -Z(CONST)XDATA_ROM_C=_XDATA0_START-_XDATA0_END    #
#                            -cx51                                             #
#                            -M(CODE)[(_CODEBANK_START+_FIRST_BANK_ADDR)-(_COD #
#                            EBANK_END+_FIRST_BANK_ADDR)]*_NR_OF_BANKS+0x10000 #
#                            =0x8000                                           #
#                            -ww69=i -D_BANK0_START=0x00000                    #
#                            -D_BANK0_END=0x07FFF -D_BANK1_START=0x18000       #
#                            -D_BANK1_END=0x1FFFF -D_BANK2_START=0x28000       #
#                            -D_BANK2_END=0x2FFFF -D_BANK3_START=0x38000       #
#                            -D_BANK3_END=0x3FFFF -D_BANK4_START=0x48000       #
#                            -D_BANK4_END=0x4FFFF -D_BANK5_START=0x58000       #
#                            -D_BANK5_END=0x5FFFF -D_BANK6_START=0x68000       #
#                            -D_BANK6_END=0x6FFFF -D_BANK7_START=0x78000       #
#                            -D_BANK7_END=0x7FFFF                              #
#                            -P(CODE)BANK0=_BANK0_START-_BANK0_END             #
#                            -P(CODE)BANK1=_BANK1_START-_BANK1_END             #
#                            -P(CODE)BANK2=_BANK2_START-_BANK2_END             #
#                            -P(CODE)BANK3=_BANK3_START-_BANK3_END             #
#                            -P(CODE)BANK4=_BANK4_START-_BANK4_END             #
#                            -P(CODE)BANK5=_BANK5_START-_BANK5_END             #
#                            -P(CODE)BANK6=_BANK6_START-_BANK6_END             #
#                            -P(CODE)BANK7=_BANK7_START-_BANK7_END             #
#                            -D_FLASH_LOCK_BITS_START=0x7FFF0                  #
#                            -D_FLASH_LOCK_BITS_END=0x7FFFF                    #
#                            -Z(CODE)FLASH_LOCK_BITS=_FLASH_LOCK_BITS_START-_F #
#                            LASH_LOCK_BITS_END                                #
#                            -U(CODE)0x0000=(CODE)_FLASH_LOCK_BITS_START-_FLAS #
#                            H_LOCK_BITS_END)                                  #
#                            -e?BCALL_07=?BCALL -e?BRET_07=?BRET               #
#                            -e?BDISPATCH_07=?BDISPATCH                        #
#                            -D_NR_OF_VIRTUAL_REGISTERS=8 -D?PBANK=0xA0        #
#                            -e_medium_write=_formatted_write                  #
#                            -e_medium_read=_formatted_read -rt                #
#                            -Ointel-extended=C:\Users\youngem1\Documents\GitH #
#                            ub\ME391_HW3\workspace\ide\srf05_cc2530\iar\light #
#                            _switch.hex                                       #
#                            -s __program_start                                #
#                            "C:\Program Files\IAR Systems\Embedded Workbench  #
#                            5.4\8051\LIB\CLIB\cl-pli-blxd-1e16x01.r51"        #
#                            -D_IDATA_STACK_SIZE=0x40                          #
#                            -D_EXTENDED_STACK_START=0x00                      #
#                            -D_EXTENDED_STACK_SIZE=0x00                       #
#                            -D_PDATA_STACK_SIZE=0x80                          #
#                            -D_XDATA_STACK_SIZE=0x100                         #
#                            -D_XDATA_HEAP_SIZE=0xFF -D_FAR_HEAP_SIZE=0xFFF    #
#                            -D_HUGE_HEAP_SIZE=0xFFF                           #
#                            -D_FAR22_HEAP_SIZE=0xFFF                          #
#                                                                              #
#                           Copyright (C) 1987-2010 IAR Systems AB.            #
################################################################################





                ****************************************
                *                                      *
                *           CROSS REFERENCE            *
                *                                      *
                ****************************************

       Program entry at : CODE      000000E3  Relocatable, from module : CSTARTUP




                ****************************************
                *                                      *
                *            RUNTIME MODEL             *
                *                                      *
                ****************************************

  __calling_convention     = xdata_reentrant
  __code_model             = banked
  __core                   = plain
  __data_model             = large
  __dptr_size              = 16
  __extended_stack         = disabled
  __location_for_constants = data
  __number_of_dptrs        = 1
  __rt_version             = 1



                ****************************************
                *                                      *
                *              MODULE MAP              *
                *                                      *
                ****************************************


  DEFINED ABSOLUTE ENTRIES
    *************************************************************************

  DEFINED ABSOLUTE ENTRIES
  PROGRAM MODULE, NAME : ?ABS_ENTRY_MOD

Absolute parts
           ENTRY                   ADDRESS         REF BY
           =====                   =======         ======
           _FAR22_HEAP_SIZE        00000FFF 
           _HUGE_HEAP_SIZE         00000FFF 
           _FAR_HEAP_SIZE          00000FFF 
           _XDATA_HEAP_SIZE        000000FF 
           _XDATA_STACK_SIZE       00000100 
           _PDATA_STACK_SIZE       00000080 
           _EXTENDED_STACK_SIZE    00000000 
           _EXTENDED_STACK_START   00000000 
           _IDATA_STACK_SIZE       00000040 
           ?PBANK                  000000A0 
           _NR_OF_VIRTUAL_REGISTERS
                                   00000008 
           _FLASH_LOCK_BITS_END    0003FFFF 
           _FLASH_LOCK_BITS_START
                                   0003FFF0 
           _BANK7_END              0003FFFF 
           _BANK7_START            00038000 
           _BANK6_END              00037FFF 
           _BANK6_START            00030000 
           _BANK5_END              0002FFFF 
           _BANK5_START            00028000 
           _BANK4_END              00027FFF 
           _BANK4_START            00020000 
           _BANK3_END              0001FFFF 
           _BANK3_START            00018000 
           _BANK2_END              00017FFF 
           _BANK2_START            00010000 
           _BANK1_END              0000FFFF 
           _BANK1_START            00008000 
           _BANK0_END              00007FFF 
           _BANK0_START            00000000 
           ?ESP                    0000009B 
           ?VB                     00000020        ?BANKED_ENTER_XDATA (?BANKED_ENTER_XDATA)
                                                   ?BANKED_LEAVE_XDATA (?BANKED_LEAVE_XDATA)
                                                   ?INTERRUPT_ENTER_XSP (?INTERRUPT_ENTER_XSP)
                                                   ?INTERRUPT_LEAVE_XSP (?INTERRUPT_LEAVE_XSP)
           _BREG_START             00000000 
           ?PBANK_NUMBER           0000001E 
           _REGISTER_BANK_START    00000000 
           ?REGISTER_BANK          00000000        Segment part 6 (CSTARTUP)
           _FIRST_BANK_ADDR        00010000 
           _NEAR_CODE_START        00000000 
           _XDATA0_END             00001EFF 
           _XDATA0_START           00000001 
           _IXDATA0_END            00001EFF 
           _IXDATA0_START          00000001 
           _PDATA0_END             00001EFF 
           _PDATA0_START           00001E00 
           _IDATA0_END             000000FF 
           _IDATA0_START           00000000 
           ?CBANK                  0000009F        ?RESET_CODE_BANK (CSTARTUP)
                                                   Segment part 3 (?BANKED_CODE_SUPPORT)
           ?CBANK_MASK             00000007 
           _CODEBANK_START         00008000 
           _CODEBANK_END           0000FFFF 
           _NR_OF_BANKS            00000007 
    *************************************************************************

  FILE NAME : C:\Users\youngem1\Documents\GitHub\ME391_HW3\workspace\ide\srf05_cc2530\iar\temp\light_switch\adc.r51
    *************************************************************************

  FILE NAME : C:\Users\youngem1\Documents\GitHub\ME391_HW3\workspace\ide\srf05_cc2530\iar\temp\light_switch\basic_rf.r51
  PROGRAM MODULE, NAME : basic_rf

  SEGMENTS IN THE MODULE
  ======================
XDATA_I
  Relative segment, address: XDATA 00000313 - 00000319 (0x7 bytes), align: 0
  Segment part 48.            Intra module refs:   Segment part 115
                                                   appSwitch
    -------------------------------------------------------------------------
XDATA_I
  Relative segment, address: XDATA 0000031A - 0000031F (0x6 bytes), align: 0
  Segment part 50.            Intra module refs:   Segment part 115
                                                   appLight
    -------------------------------------------------------------------------
XDATA_I
  Relative segment, address: XDATA 00000320 - 00000324 (0x5 bytes), align: 0
  Segment part 52.            Intra module refs:   utilPrintLogo
    -------------------------------------------------------------------------
XDATA_I
  Relative segment, address: XDATA 00000325 - 00000329 (0x5 bytes), align: 0
  Segment part 54.            Intra module refs:   utilPrintLogo
    -------------------------------------------------------------------------
XDATA_I
  Relative segment, address: XDATA 0000032A - 0000032E (0x5 bytes), align: 0
  Segment part 56.            Intra module refs:   utilPrintLogo
    -------------------------------------------------------------------------
XDATA_I
  Relative segment, address: XDATA 0000032F - 00000333 (0x5 bytes), align: 0
  Segment part 58.            Intra module refs:   utilPrintLogo
    -------------------------------------------------------------------------
XDATA_I
  Relative segment, address: XDATA 00000334 - 00000338 (0x5 bytes), align: 0
  Segment part 60.            Intra module refs:   utilPrintLogo
    -------------------------------------------------------------------------
XDATA_I
  Relative segment, address: XDATA 00000339 - 0000033D (0x5 bytes), align: 0
  Segment part 62.            Intra module refs:   utilPrintLogo
    -------------------------------------------------------------------------
XDATA_I
  Relative segment, address: XDATA 0000033E - 00000342 (0x5 bytes), align: 0
  Segment part 64.            Intra module refs:   utilPrintLogo
    -------------------------------------------------------------------------
XDATA_I
  Relative segment, address: XDATA 00000343 - 00000347 (0x5 bytes), align: 0
  Segment part 66.            Intra module refs:   utilPrintLogo
    -------------------------------------------------------------------------
XDATA_I
  Relative segment, address: XDATA 00000348 - 0000034C (0x5 bytes), align: 0
  Segment part 68.            Intra module refs:   utilPrintLogo
    -------------------------------------------------------------------------
XDATA_I
  Relative segment, address: XDATA 0000034D - 00000351 (0x5 bytes), align: 0
  Segment part 70.            Intra module refs:   utilPrintLogo
    -------------------------------------------------------------------------
XDATA_I
  Relative segment, address: XDATA 00000352 - 00000356 (0x5 bytes), align: 0
  Segment part 72.            Intra module refs:   utilPrintLogo
    -------------------------------------------------------------------------
XDATA_I
  Relative segment, address: XDATA 00000357 - 00000364 (0xe bytes), align: 0
  Segment part 74.            Intra module refs:   utilPrintLogo
    -------------------------------------------------------------------------
XDATA_I
  Relative segment, address: XDATA 00000365 - 00000382 (0x1e bytes), align: 0
  Segment part 76.            Intra module refs:   utilPrintLogo
    -------------------------------------------------------------------------
XDATA_I
  Relative segment, address: XDATA 00000383 - 0000038C (0xa bytes), align: 0
  Segment part 78.            Intra module refs:   utilPrintLogo
    -------------------------------------------------------------------------
XDATA_I
  Relative segment, address: XDATA 0000038D - 00000392 (0x6 bytes), align: 0
  Segment part 80.            Intra module refs:   appLight
    -------------------------------------------------------------------------
XDATA_I
  Relative segment, address: XDATA 00000393 - 000003A0 (0xe bytes), align: 0
  Segment part 82.            Intra module refs:   appSwitch
    -------------------------------------------------------------------------
XDATA_I
  Relative segment, address: XDATA 000003A1 - 000003AD (0xd bytes), align: 0
  Segment part 84.            Intra module refs:   appSwitch
    -------------------------------------------------------------------------
XDATA_I
  Relative segment, address: XDATA 000003AE - 000003BA (0xd bytes), align: 0
  Segment part 86.            Intra module refs:   main
    -------------------------------------------------------------------------
XDATA_I
  Relative segment, address: XDATA 000003BB - 000003C8 (0xe bytes), align: 0
  Segment part 88.            Intra module refs:   main
    -------------------------------------------------------------------------
XDATA_I
  Relative segment, address: XDATA 000003C9 - 000003D4 (0xc bytes), align: 0
  Segment part 90.            Intra module refs:   appLight
                                                   basicRfInit
                                                   basicRfRxFrmDoneIsr
           LOCAL                   ADDRESS         
           =====                   =======         
           rxi                     000003C9 
    -------------------------------------------------------------------------
XDATA_Z
  Relative segment, address: XDATA 00000101 - 00000107 (0x7 bytes), align: 0
  Segment part 92.            Intra module refs:   appLight
                                                   appSwitch
                                                   basicRfInit
                                                   basicRfRxFrmDoneIsr
                                                   basicRfSendPacket
           LOCAL                   ADDRESS         
           =====                   =======         
           txState                 00000101 
    -------------------------------------------------------------------------
XDATA_Z
  Relative segment, address: XDATA 00000108 - 00000109 (0x2 bytes), align: 0
  Segment part 93.            Intra module refs:   ?Subroutine16
                                                   basicRfInit
                                                   basicRfSendPacket
           LOCAL                   ADDRESS         
           =====                   =======         
           pConfig                 00000108 
    -------------------------------------------------------------------------
XDATA_Z
  Relative segment, address: XDATA 0000010A - 0000017C (0x73 bytes), align: 0
  Segment part 94.            Intra module refs:   basicRfSendPacket
           LOCAL                   ADDRESS         
           =====                   =======         
           txMpdu                  0000010A 
    -------------------------------------------------------------------------
XDATA_Z
  Relative segment, address: XDATA 0000017D - 000001FC (0x80 bytes), align: 0
  Segment part 95.            Intra module refs:   ?Subroutine10
                                                   basicRfRxFrmDoneIsr
           LOCAL                   ADDRESS         
           =====                   =======         
           rxMpdu                  0000017D 
    -------------------------------------------------------------------------
<BANKED_CODE> 1 (was BANKED_CODE)
  Relative segment, address: CODE 00000704 - 000007E2 (0xdf bytes), align: 0
  Segment part 120.           Intra module refs:   basicRfRxFrmDoneIsr::?relay
           LOCAL                   ADDRESS         
           =====                   =======         
           basicRfRxFrmDoneIsr     00000704 
               calls direct, is indirectly called
               ISTACK = 00000000 ( 00000002 )
    -------------------------------------------------------------------------
<BANKED_CODE> 1 (was BANKED_CODE)
  Relative segment, address: CODE 000007E3 - 000007F0 (0xe bytes), align: 0
  Segment part 122.           Intra module refs:   basicRfRxFrmDoneIsr
           LOCAL                   ADDRESS         
           =====                   =======         
           ?Subroutine10           000007E3 
    -------------------------------------------------------------------------
<BANKED_CODE> 1 (was BANKED_CODE)
  Relative segment, address: CODE 000007F1 - 00000871 (0x81 bytes), align: 0
  Segment part 123.           Intra module refs:   basicRfInit::?relay
           ENTRY                   ADDRESS         REF BY
           =====                   =======         ======
           basicRfInit             000007F1 
               calls direct
               XSTACK = 0000000A ( 0000000C )
    -------------------------------------------------------------------------
<BANKED_CODE> 1 (was BANKED_CODE)
  Relative segment, address: CODE 00000872 - 00000965 (0xf4 bytes), align: 0
  Segment part 125.           Intra module refs:   basicRfSendPacket::?relay
           ENTRY                   ADDRESS         REF BY
           =====                   =======         ======
           basicRfSendPacket       00000872 
               calls direct
               XSTACK = 0000000A ( 0000000B )
               ISTACK = 00000000 ( 00000001 )
    -------------------------------------------------------------------------
<BANKED_CODE> 1 (was BANKED_CODE)
  Relative segment, address: CODE 00000966 - 00000970 (0xb bytes), align: 0
  Segment part 127.           Intra module refs:   basicRfInit
                                                   basicRfSendPacket
           LOCAL                   ADDRESS         
           =====                   =======         
           ?Subroutine8            00000966 
    -------------------------------------------------------------------------
<BANKED_CODE> 1 (was BANKED_CODE)
  Relative segment, address: CODE 00000971 - 00000976 (0x6 bytes), align: 0
  Segment part 128.           Intra module refs:   basicRfSendPacket
           LOCAL                   ADDRESS         
           =====                   =======         
           ?Subroutine7            00000971 
    -------------------------------------------------------------------------
<BANKED_CODE> 1 (was BANKED_CODE)
  Relative segment, address: CODE 00000977 - 0000097C (0x6 bytes), align: 0
  Segment part 129.           Intra module refs:   ?Subroutine7
                                                   basicRfInit
           LOCAL                   ADDRESS         
           =====                   =======         
           ?Subroutine15           00000977 
    -------------------------------------------------------------------------
<BANKED_CODE> 1 (was BANKED_CODE)
  Relative segment, address: CODE 0000097D - 00000986 (0xa bytes), align: 0
  Segment part 130.           Intra module refs:   basicRfInit
                                                   basicRfSendPacket
           LOCAL                   ADDRESS         
           =====                   =======         
           ?Subroutine6            0000097D 
    -------------------------------------------------------------------------
<BANKED_CODE> 1 (was BANKED_CODE)
  Relative segment, address: CODE 00000987 - 00000994 (0xe bytes), align: 0
  Segment part 131.           Intra module refs:   ?Subroutine15
                                                   ?Subroutine6
           LOCAL                   ADDRESS         
           =====                   =======         
           ?Subroutine16           00000987 
    -------------------------------------------------------------------------
SFR_AN
  Relative segment, address: DATA 00000080 - 00000080 (0x1 bytes), align: 0
  Segment part 1. ROOT.       Intra module refs:   halBoardInit
                                                   halButtonPushed
                                                   halLcdInit
                                                   halLedToggle
                                                   lcdControl
                                                   lcdWrite
                                                   lcdWriteMany
                                                   main
           ENTRY                   ADDRESS         REF BY
           =====                   =======         ======
           _A_P0                   00000080 
    -------------------------------------------------------------------------
SFR_AN
  Relative segment, address: DATA 00000088 - 00000088 (0x1 bytes), align: 0
  Segment part 2. ROOT.       Intra module refs:   adcSampleSingle
           ENTRY                   ADDRESS         REF BY
           =====                   =======         ======
           _A_TCON                 00000088 
    -------------------------------------------------------------------------
SFR_AN
  Relative segment, address: DATA 00000089 - 00000089 (0x1 bytes), align: 0
  Segment part 3. ROOT.       Intra module refs:   port0_ISR
           ENTRY                   ADDRESS         REF BY
           =====                   =======         ======
           P0IFG                   00000089 
    -------------------------------------------------------------------------
SFR_AN
  Relative segment, address: DATA 0000008A - 0000008A (0x1 bytes), align: 0
  Segment part 4. ROOT.       Intra module refs:   port1_ISR
           ENTRY                   ADDRESS         REF BY
           =====                   =======         ======
           P1IFG                   0000008A 
    -------------------------------------------------------------------------
SFR_AN
  Relative segment, address: DATA 0000008B - 0000008B (0x1 bytes), align: 0
  Segment part 5. ROOT.       Intra module refs:   port2_ISR
           ENTRY                   ADDRESS         REF BY
           =====                   =======         ======
           P2IFG                   0000008B 
    -------------------------------------------------------------------------
SFR_AN
  Relative segment, address: DATA 0000008F - 0000008F (0x1 bytes), align: 0
  Segment part 6. ROOT.       Intra module refs:   halBoardInit
                                                   halButtonPushed
           ENTRY                   ADDRESS         REF BY
           =====                   =======         ======
           P0INP                   0000008F 
    -------------------------------------------------------------------------
SFR_AN
  Relative segment, address: DATA 00000090 - 00000090 (0x1 bytes), align: 0
  Segment part 7. ROOT.       Intra module refs:   halBoardInit
                                                   halLcdInit
                                                   halLedToggle
                                                   lcdControl
                                                   lcdWrite
                                                   lcdWriteMany
                                                   main
           ENTRY                   ADDRESS         REF BY
           =====                   =======         ======
           _A_P1                   00000090 
    -------------------------------------------------------------------------
SFR_AN
  Relative segment, address: DATA 00000091 - 00000091 (0x1 bytes), align: 0
  Segment part 8. ROOT.       Intra module refs:   basicRfSendPacket
                                                   halRfWriteTxBuf
           ENTRY                   ADDRESS         REF BY
           =====                   =======         ======
           RFIRQF1                 00000091 
    -------------------------------------------------------------------------
SFR_AN
  Relative segment, address: DATA 0000009A - 0000009A (0x1 bytes), align: 0
  Segment part 9. ROOT.       Intra module refs:   halRfDisableRxInterrupt
                                                   halRfEnableRxInterrupt
           ENTRY                   ADDRESS         REF BY
           =====                   =======         ======
           IEN2                    0000009A 
    -------------------------------------------------------------------------
SFR_AN
  Relative segment, address: DATA 0000009B - 0000009B (0x1 bytes), align: 0
  Segment part 10. ROOT.      Intra module refs:   rfIsr
           ENTRY                   ADDRESS         REF BY
           =====                   =======         ======
           S1CON                   0000009B 
    -------------------------------------------------------------------------
SFR_AN
  Relative segment, address: DATA 0000009D - 0000009D (0x1 bytes), align: 0
  Segment part 11. ROOT.      Intra module refs:   clockSetMainSrc
           ENTRY                   ADDRESS         REF BY
           =====                   =======         ======
           SLEEPSTA                0000009D 
    -------------------------------------------------------------------------
SFR_AN
  Relative segment, address: DATA 0000009E - 0000009E (0x1 bytes), align: 0
  Segment part 12. ROOT.      Intra module refs:   clockSelect32k
                                                   clockSetMainSrc
                                                   halBoardInit
           ENTRY                   ADDRESS         REF BY
           =====                   =======         ======
           CLKCONSTA               0000009E 
    -------------------------------------------------------------------------
SFR_AN
  Relative segment, address: DATA 000000A0 - 000000A0 (0x1 bytes), align: 0
  Segment part 13. ROOT.      Intra module refs:   appSwitch
           ENTRY                   ADDRESS         REF BY
           =====                   =======         ======
           _A_P2                   000000A0 
    -------------------------------------------------------------------------
SFR_AN
  Relative segment, address: DATA 000000A8 - 000000A8 (0x1 bytes), align: 0
  Segment part 14. ROOT.      Intra module refs:   appLight
                                                   appSwitch
                                                   basicRfInit
                                                   basicRfRxFrmDoneIsr
                                                   halBoardInit
                                                   rfIsr
           ENTRY                   ADDRESS         REF BY
           =====                   =======         ======
           _A_IEN0                 000000A8 
    -------------------------------------------------------------------------
SFR_AN
  Relative segment, address: DATA 000000B6 - 000000B6 (0x1 bytes), align: 0
  Segment part 15. ROOT.      Intra module refs:   adcSampleSingle
           ENTRY                   ADDRESS         REF BY
           =====                   =======         ======
           ADCCON3                 000000B6 
    -------------------------------------------------------------------------
SFR_AN
  Relative segment, address: DATA 000000BA - 000000BA (0x1 bytes), align: 0
  Segment part 16. ROOT.      Intra module refs:   adcSampleSingle
           ENTRY                   ADDRESS         REF BY
           =====                   =======         ======
           ADCL                    000000BA 
    -------------------------------------------------------------------------
SFR_AN
  Relative segment, address: DATA 000000BB - 000000BB (0x1 bytes), align: 0
  Segment part 17. ROOT.      Intra module refs:   adcSampleSingle
           ENTRY                   ADDRESS         REF BY
           =====                   =======         ======
           ADCH                    000000BB 
    -------------------------------------------------------------------------
SFR_AN
  Relative segment, address: DATA 000000BE - 000000BE (0x1 bytes), align: 0
  Segment part 18. ROOT.      Intra module refs:   clockSetMainSrc
           ENTRY                   ADDRESS         REF BY
           =====                   =======         ======
           SLEEPCMD                000000BE 
    -------------------------------------------------------------------------
SFR_AN
  Relative segment, address: DATA 000000C0 - 000000C0 (0x1 bytes), align: 0
  Segment part 19. ROOT.      Intra module refs:   port0_ISR
           ENTRY                   ADDRESS         REF BY
           =====                   =======         ======
           _A_IRCON                000000C0 
    -------------------------------------------------------------------------
SFR_AN
  Relative segment, address: DATA 000000C6 - 000000C6 (0x1 bytes), align: 0
  Segment part 20. ROOT.      Intra module refs:   clockSelect32k
                                                   clockSetMainSrc
           ENTRY                   ADDRESS         REF BY
           =====                   =======         ======
           CLKCONCMD               000000C6 
    -------------------------------------------------------------------------
SFR_AN
  Relative segment, address: DATA 000000D9 - 000000D9 (0x1 bytes), align: 0
  Segment part 21. ROOT.      Intra module refs:   halRfReadRxBuf
                                                   halRfWriteTxBuf
           ENTRY                   ADDRESS         REF BY
           =====                   =======         ======
           RFD                     000000D9 
    -------------------------------------------------------------------------
SFR_AN
  Relative segment, address: DATA 000000E1 - 000000E1 (0x1 bytes), align: 0
  Segment part 22. ROOT.      Intra module refs:   appLight
                                                   appSwitch
                                                   basicRfSendPacket
                                                   halRfWriteTxBuf
           ENTRY                   ADDRESS         REF BY
           =====                   =======         ======
           RFST                    000000E1 
    -------------------------------------------------------------------------
SFR_AN
  Relative segment, address: DATA 000000E8 - 000000E8 (0x1 bytes), align: 0
  Segment part 23. ROOT.      Intra module refs:   port1_ISR
                                                   port2_ISR
           ENTRY                   ADDRESS         REF BY
           =====                   =======         ======
           _A_IRCON2               000000E8 
    -------------------------------------------------------------------------
SFR_AN
  Relative segment, address: DATA 000000E9 - 000000E9 (0x1 bytes), align: 0
  Segment part 24. ROOT.      Intra module refs:   rfIsr
           ENTRY                   ADDRESS         REF BY
           =====                   =======         ======
           RFIRQF0                 000000E9 
    -------------------------------------------------------------------------
SFR_AN
  Relative segment, address: DATA 000000F1 - 000000F1 (0x1 bytes), align: 0
  Segment part 25. ROOT.      Intra module refs:   halBoardInit
           ENTRY                   ADDRESS         REF BY
           =====                   =======         ======
           PERCFG                  000000F1 
    -------------------------------------------------------------------------
SFR_AN
  Relative segment, address: DATA 000000F2 - 000000F2 (0x1 bytes), align: 0
  Segment part 26. ROOT.      Intra module refs:   adcSampleSingle
           ENTRY                   ADDRESS         REF BY
           =====                   =======         ======
           ADCCFG                  000000F2 
    -------------------------------------------------------------------------
SFR_AN
  Relative segment, address: DATA 000000F3 - 000000F3 (0x1 bytes), align: 0
  Segment part 27. ROOT.      Intra module refs:   halBoardInit
                                                   halButtonPushed
                                                   halLcdInit
                                                   main
           ENTRY                   ADDRESS         REF BY
           =====                   =======         ======
           P0SEL                   000000F3 
    -------------------------------------------------------------------------
SFR_AN
  Relative segment, address: DATA 000000F4 - 000000F4 (0x1 bytes), align: 0
  Segment part 28. ROOT.      Intra module refs:   halBoardInit
                                                   halLcdInit
           ENTRY                   ADDRESS         REF BY
           =====                   =======         ======
           P1SEL                   000000F4 
    -------------------------------------------------------------------------
SFR_AN
  Relative segment, address: DATA 000000F5 - 000000F5 (0x1 bytes), align: 0
  Segment part 29. ROOT.      Intra module refs:   halBoardInit
                                                   main
           ENTRY                   ADDRESS         REF BY
           =====                   =======         ======
           P2SEL                   000000F5 
    -------------------------------------------------------------------------
SFR_AN
  Relative segment, address: DATA 000000F7 - 000000F7 (0x1 bytes), align: 0
  Segment part 30. ROOT.      Intra module refs:   halBoardInit
                                                   halButtonPushed
                                                   main
           ENTRY                   ADDRESS         REF BY
           =====                   =======         ======
           P2INP                   000000F7 
    -------------------------------------------------------------------------
SFR_AN
  Relative segment, address: DATA 000000F8 - 000000F8 (0x1 bytes), align: 0
  Segment part 31. ROOT.      Intra module refs:   halBoardInit
                                                   lcdControl
                                                   lcdWrite
                                                   lcdWriteMany
           ENTRY                   ADDRESS         REF BY
           =====                   =======         ======
           _A_U1CSR                000000F8 
    -------------------------------------------------------------------------
SFR_AN
  Relative segment, address: DATA 000000F9 - 000000F9 (0x1 bytes), align: 0
  Segment part 32. ROOT.      Intra module refs:   lcdControl
                                                   lcdWrite
                                                   lcdWriteMany
           ENTRY                   ADDRESS         REF BY
           =====                   =======         ======
           U1DBUF                  000000F9 
    -------------------------------------------------------------------------
SFR_AN
  Relative segment, address: DATA 000000FA - 000000FA (0x1 bytes), align: 0
  Segment part 33. ROOT.      Intra module refs:   halBoardInit
           ENTRY                   ADDRESS         REF BY
           =====                   =======         ======
           U1BAUD                  000000FA 
    -------------------------------------------------------------------------
SFR_AN
  Relative segment, address: DATA 000000FB - 000000FB (0x1 bytes), align: 0
  Segment part 34. ROOT.      Intra module refs:   halBoardInit
           ENTRY                   ADDRESS         REF BY
           =====                   =======         ======
           U1UCR                   000000FB 
    -------------------------------------------------------------------------
SFR_AN
  Relative segment, address: DATA 000000FC - 000000FC (0x1 bytes), align: 0
  Segment part 35. ROOT.      Intra module refs:   halBoardInit
           ENTRY                   ADDRESS         REF BY
           =====                   =======         ======
           U1GCR                   000000FC 
    -------------------------------------------------------------------------
SFR_AN
  Relative segment, address: DATA 000000FD - 000000FD (0x1 bytes), align: 0
  Segment part 36. ROOT.      Intra module refs:   halBoardInit
                                                   halButtonPushed
                                                   halLcdInit
           ENTRY                   ADDRESS         REF BY
           =====                   =======         ======
           P0DIR                   000000FD 
    -------------------------------------------------------------------------
SFR_AN
  Relative segment, address: DATA 000000FE - 000000FE (0x1 bytes), align: 0
  Segment part 37. ROOT.      Intra module refs:   halBoardInit
                                                   halLcdInit
           ENTRY                   ADDRESS         REF BY
           =====                   =======         ======
           P1DIR                   000000FE 
    -------------------------------------------------------------------------
SFR_AN
  Relative segment, address: DATA 000000FF - 000000FF (0x1 bytes), align: 0
  Segment part 38. ROOT.      Intra module refs:   halBoardInit
                                                   main
           ENTRY                   ADDRESS         REF BY
           =====                   =======         ======
           P2DIR                   000000FF 
    -------------------------------------------------------------------------
<BANKED_CODE> 1 (was BANKED_CODE)
  Relative segment, address: CODE 00000995 - 000009D7 (0x43 bytes), align: 0
  Segment part 132.           Intra module refs:   adcSampleSingle::?relay
           ENTRY                   ADDRESS         REF BY
           =====                   =======         ======
           adcSampleSingle         00000995 
               XSTACK = 0000000A ( 0000000A )
    -------------------------------------------------------------------------
<BANKED_CODE> 1 (was BANKED_CODE)
  Relative segment, address: CODE 000009D8 - 00000A0B (0x34 bytes), align: 0
  Segment part 134.           Intra module refs:   clockSetMainSrc::?relay
           ENTRY                   ADDRESS         REF BY
           =====                   =======         ======
           clockSetMainSrc         000009D8 
    -------------------------------------------------------------------------
<BANKED_CODE> 1 (was BANKED_CODE)
  Relative segment, address: CODE 00000A0C - 00000A34 (0x29 bytes), align: 0
  Segment part 136.           Intra module refs:   clockSelect32k::?relay
           ENTRY                   ADDRESS         REF BY
           =====                   =======         ======
           clockSelect32k          00000A0C 
    -------------------------------------------------------------------------
<BANKED_CODE> 1 (was BANKED_CODE)
  Relative segment, address: CODE 00000A35 - 00000A67 (0x33 bytes), align: 0
  Segment part 138.           Intra module refs:   halMcuWaitUs::?relay
           ENTRY                   ADDRESS         REF BY
           =====                   =======         ======
           halMcuWaitUs            00000A35 
               XSTACK = 0000000B ( 00000000 )
    -------------------------------------------------------------------------
<BANKED_CODE> 1 (was BANKED_CODE)
  Relative segment, address: CODE 00000A68 - 00000A94 (0x2d bytes), align: 0
  Segment part 140.           Intra module refs:   halMcuWaitMs::?relay
           ENTRY                   ADDRESS         REF BY
           =====                   =======         ======
           halMcuWaitMs            00000A68 
               calls direct
               XSTACK = 0000000A ( 00000009 )
    -------------------------------------------------------------------------
XDATA_Z
  Relative segment, address: XDATA 000001FD - 000001FE (0x2 bytes), align: 0
  Segment part 96.            Intra module refs:   basicRfInit
                                                   rfIsr
           LOCAL                   ADDRESS         
           =====                   =======         
           pfISR                   000001FD 
    -------------------------------------------------------------------------
<BANKED_CODE> 1 (was BANKED_CODE)
  Relative segment, address: CODE 00000A95 - 00000AB7 (0x23 bytes), align: 0
  Segment part 142.           Intra module refs:   halRfInit::?relay
           ENTRY                   ADDRESS         REF BY
           =====                   =======         ======
           halRfInit               00000A95 
               calls direct
               XSTACK = 0000000C ( 00000000 )
               ISTACK = 00000000 ( 00000002 )
    -------------------------------------------------------------------------
<BANKED_CODE> 1 (was BANKED_CODE)
  Relative segment, address: CODE 00000AB8 - 00000ADE (0x27 bytes), align: 0
  Segment part 144.           Intra module refs:   halRfWriteTxBuf::?relay
           ENTRY                   ADDRESS         REF BY
           =====                   =======         ======
           halRfWriteTxBuf         00000AB8 
               XSTACK = 0000000B ( 0000000A )
    -------------------------------------------------------------------------
<BANKED_CODE> 1 (was BANKED_CODE)
  Relative segment, address: CODE 00000ADF - 00000AF6 (0x18 bytes), align: 0
  Segment part 146.           Intra module refs:   halRfReadRxBuf::?relay
           ENTRY                   ADDRESS         REF BY
           =====                   =======         ======
           halRfReadRxBuf          00000ADF 
               ISTACK = 00000000 ( 00000003 )
    -------------------------------------------------------------------------
<BANKED_CODE> 1 (was BANKED_CODE)
  Relative segment, address: CODE 00000AF7 - 00000B06 (0x10 bytes), align: 0
  Segment part 148.           Intra module refs:   halRfDisableRxInterrupt::?relay
           ENTRY                   ADDRESS         REF BY
           =====                   =======         ======
           halRfDisableRxInterrupt
                                   00000AF7 
               XSTACK = 0000000B ( 00000000 )
               ISTACK = 00000000 ( 00000002 )
    -------------------------------------------------------------------------
<BANKED_CODE> 1 (was BANKED_CODE)
  Relative segment, address: CODE 00000B07 - 00000B14 (0xe bytes), align: 0
  Segment part 150.           Intra module refs:   halRfEnableRxInterrupt::?relay
           ENTRY                   ADDRESS         REF BY
           =====                   =======         ======
           halRfEnableRxInterrupt
                                   00000B07 
               XSTACK = 0000000B ( 00000000 )
               ISTACK = 00000000 ( 00000002 )
    -------------------------------------------------------------------------
<BANKED_CODE> 1 (was BANKED_CODE)
  Relative segment, address: CODE 00000B15 - 00000B1B (0x7 bytes), align: 0
  Segment part 152.           Intra module refs:   basicRfRxFrmDoneIsr
                                                   halBoardInit
                                                   halButtonPushed
                                                   halLedToggle
                                                   halRfDisableRxInterrupt
                                                   halRfEnableRxInterrupt
                                                   halRfInit
                                                   halRfReadRxBuf
           LOCAL                   ADDRESS         
           =====                   =======         
           ?Subroutine1            00000B15 
    -------------------------------------------------------------------------
NEAR_CODE
  Relative segment, address: CODE 000005B8 - 000005EF (0x38 bytes), align: 0
  Segment part 203.           Intra module refs:   rfIsr::??INTVEC 131
           ENTRY                   ADDRESS         REF BY
           =====                   =======         ======
           rfIsr                   000005B8 
               interrupt function
               ISTACK = 00000000 ( 0000000F )
    -------------------------------------------------------------------------
XDATA_Z
  Relative segment, address: XDATA 000001FF - 0000020E (0x10 bytes), align: 0
  Segment part 97.            Intra module refs:   ?Subroutine13
                                                   halLcdWriteLine
           LOCAL                   ADDRESS         
           =====                   =======         
           pLcdLineBuffer          000001FF 
    -------------------------------------------------------------------------
<BANKED_CODE> 1 (was BANKED_CODE)
  Relative segment, address: CODE 00000B1C - 00000B27 (0xc bytes), align: 0
  Segment part 153.           Intra module refs:   lcdControl::?relay
           LOCAL                   ADDRESS         
           =====                   =======         
           lcdControl              00000B1C 
               XSTACK = 0000000C ( 00000000 )
    -------------------------------------------------------------------------
<BANKED_CODE> 1 (was BANKED_CODE)
  Relative segment, address: CODE 00000B28 - 00000B30 (0x9 bytes), align: 0
  Segment part 155.           Intra module refs:   lcdControl
                                                   lcdWrite
           LOCAL                   ADDRESS         
           =====                   =======         
           ?Subroutine0            00000B28 
    -------------------------------------------------------------------------
<BANKED_CODE> 1 (was BANKED_CODE)
  Relative segment, address: CODE 00000B31 - 00000B3E (0xe bytes), align: 0
  Segment part 156.           Intra module refs:   lcdWrite::?relay
           LOCAL                   ADDRESS         
           =====                   =======         
           lcdWrite                00000B31 
               XSTACK = 0000000C ( 00000000 )
    -------------------------------------------------------------------------
<BANKED_CODE> 1 (was BANKED_CODE)
  Relative segment, address: CODE 00000B3F - 00000B75 (0x37 bytes), align: 0
  Segment part 158.           Intra module refs:   lcdWriteMany::?relay
           LOCAL                   ADDRESS         
           =====                   =======         
           lcdWriteMany            00000B3F 
               XSTACK = 00000009 ( 00000009 )
    -------------------------------------------------------------------------
<BANKED_CODE> 1 (was BANKED_CODE)
  Relative segment, address: CODE 00000B76 - 00000B9A (0x25 bytes), align: 0
  Segment part 160.           Intra module refs:   lcdWriteLine::?relay
           LOCAL                   ADDRESS         
           =====                   =======         
           lcdWriteLine            00000B76 
               calls direct
               XSTACK = 0000000A ( 00000009 )
    -------------------------------------------------------------------------
<BANKED_CODE> 1 (was BANKED_CODE)
  Relative segment, address: CODE 00000B9B - 00000BB8 (0x1e bytes), align: 0
  Segment part 162.           Intra module refs:   halLcdWriteChar
                                                   halLcdWriteSpecChar
           LOCAL                   ADDRESS         
           =====                   =======         
           ?Subroutine4            00000B9B 
    -------------------------------------------------------------------------
<BANKED_CODE> 1 (was BANKED_CODE)
  Relative segment, address: CODE 00000BB9 - 00000BBD (0x5 bytes), align: 0
  Segment part 163.           Intra module refs:   ?Subroutine4
                                                   halLcdClear
                                                   halLcdInit
                                                   lcdWriteLine
                                                   lcdWriteMany
    -------------------------------------------------------------------------
<BANKED_CODE> 1 (was BANKED_CODE)
  Relative segment, address: CODE 00000BBE - 00000C11 (0x54 bytes), align: 0
  Segment part 164.           Intra module refs:   halLcdInit::?relay
           ENTRY                   ADDRESS         REF BY
           =====                   =======         ======
           halLcdInit              00000BBE 
               calls direct
               XSTACK = 00000000 ( 00000009 )
    -------------------------------------------------------------------------
<BANKED_CODE> 1 (was BANKED_CODE)
  Relative segment, address: CODE 00000C12 - 00000C28 (0x17 bytes), align: 0
  Segment part 166.           Intra module refs:   halLcdClear::?relay
           ENTRY                   ADDRESS         REF BY
           =====                   =======         ======
           halLcdClear             00000C12 
               calls direct
               XSTACK = 00000009 ( 00000009 )
    -------------------------------------------------------------------------
<BANKED_CODE> 1 (was BANKED_CODE)
  Relative segment, address: CODE 00000C29 - 00000C2B (0x3 bytes), align: 0
  Segment part 168.           Intra module refs:   halLcdWriteChar::?relay
           ENTRY                   ADDRESS         REF BY
           =====                   =======         ======
           halLcdWriteChar         00000C29 
               calls direct
               XSTACK = 0000000C ( 00000009 )
    -------------------------------------------------------------------------
<BANKED_CODE> 1 (was BANKED_CODE)
  Relative segment, address: CODE 00000C2C - 00000C66 (0x3b bytes), align: 0
  Segment part 170.           Intra module refs:   halLcdWriteLine::?relay
           ENTRY                   ADDRESS         REF BY
           =====                   =======         ======
           halLcdWriteLine         00000C2C 
               calls direct
               XSTACK = 00000038 ( 0000000A )
               ISTACK = 00000000 ( 00000001 )
    -------------------------------------------------------------------------
<BANKED_CODE> 1 (was BANKED_CODE)
  Relative segment, address: CODE 00000C67 - 00000C6B (0x5 bytes), align: 0
  Segment part 172.           Intra module refs:   adcSampleSingle
                                                   halJoystickGetDir
                                                   halLcdWriteLine
                                                   halRfWriteTxBuf
           LOCAL                   ADDRESS         
           =====                   =======         
           ?Subroutine3            00000C67 
    -------------------------------------------------------------------------
<BANKED_CODE> 1 (was BANKED_CODE)
  Relative segment, address: CODE 00000C6C - 00000C79 (0xe bytes), align: 0
  Segment part 173.           Intra module refs:   halLcdWriteLine
           LOCAL                   ADDRESS         
           =====                   =======         
           ?Subroutine13           00000C6C 
    -------------------------------------------------------------------------
<BANKED_CODE> 1 (was BANKED_CODE)
  Relative segment, address: CODE 00000C7A - 00000CAF (0x36 bytes), align: 0
  Segment part 174.           Intra module refs:   halLcdCreateSpecChar::?relay
           ENTRY                   ADDRESS         REF BY
           =====                   =======         ======
           halLcdCreateSpecChar    00000C7A 
               calls direct
               XSTACK = 00000038 ( 0000000C )
    -------------------------------------------------------------------------
<BANKED_CODE> 1 (was BANKED_CODE)
  Relative segment, address: CODE 00000CB0 - 00000CB2 (0x3 bytes), align: 0
  Segment part 176.           Intra module refs:   halLcdWriteSpecChar::?relay
           ENTRY                   ADDRESS         REF BY
           =====                   =======         ======
           halLcdWriteSpecChar     00000CB0 
               calls direct
               XSTACK = 00000038 ( 00000009 )
    -------------------------------------------------------------------------
<BANKED_CODE> 1 (was BANKED_CODE)
  Relative segment, address: CODE 00000CB3 - 00000CD3 (0x21 bytes), align: 0
  Segment part 178.           Intra module refs:   halAssertHandler::?relay
           ENTRY                   ADDRESS         REF BY
           =====                   =======         ======
           halAssertHandler        00000CB3 
               calls direct
               XSTACK = 0000000A ( 00000000 )
               ISTACK = 00000000 ( 00000002 )
    -------------------------------------------------------------------------
<BANKED_CODE> 1 (was BANKED_CODE)
  Relative segment, address: CODE 00000CD4 - 00000D38 (0x65 bytes), align: 0
  Segment part 180.           Intra module refs:   halBoardInit::?relay
           ENTRY                   ADDRESS         REF BY
           =====                   =======         ======
           halBoardInit            00000CD4 
               calls direct
               ISTACK = 00000000 ( 00000002 )
    -------------------------------------------------------------------------
<BANKED_CODE> 1 (was BANKED_CODE)
  Relative segment, address: CODE 00000D39 - 00000D78 (0x40 bytes), align: 0
  Segment part 182.           Intra module refs:   halButtonPushed::?relay
           ENTRY                   ADDRESS         REF BY
           =====                   =======         ======
           halButtonPushed         00000D39 
               XSTACK = 0000000C ( 00000000 )
               ISTACK = 00000000 ( 00000002 )
    -------------------------------------------------------------------------
<BANKED_CODE> 1 (was BANKED_CODE)
  Relative segment, address: CODE 00000D79 - 00000D82 (0xa bytes), align: 0
  Segment part 184.           Intra module refs:   halBoardInit
                                                   halButtonPushed
           LOCAL                   ADDRESS         
           =====                   =======         
           ?Subroutine14           00000D79 
    -------------------------------------------------------------------------
XDATA_Z
  Relative segment, address: XDATA 0000020F - 0000021E (0x10 bytes), align: 0
  Segment part 98.            Intra module refs:   port0_ISR
           LOCAL                   ADDRESS         
           =====                   =======         
           port0_isr_tbl           0000020F 
    -------------------------------------------------------------------------
XDATA_Z
  Relative segment, address: XDATA 0000021F - 0000022E (0x10 bytes), align: 0
  Segment part 99.            Intra module refs:   port1_ISR
           LOCAL                   ADDRESS         
           =====                   =======         
           port1_isr_tbl           0000021F 
    -------------------------------------------------------------------------
XDATA_Z
  Relative segment, address: XDATA 0000022F - 00000238 (0xa bytes), align: 0
  Segment part 100.           Intra module refs:   port2_ISR
           LOCAL                   ADDRESS         
           =====                   =======         
           port2_isr_tbl           0000022F 
    -------------------------------------------------------------------------
NEAR_CODE
  Relative segment, address: CODE 000005F0 - 00000644 (0x55 bytes), align: 0
  Segment part 204.           Intra module refs:   port0_ISR::??INTVEC 107
           ENTRY                   ADDRESS         REF BY
           =====                   =======         ======
           port0_ISR               000005F0 
               interrupt function
               ISTACK = 00000000 ( 00000010 )
    -------------------------------------------------------------------------
NEAR_CODE
  Relative segment, address: CODE 00000645 - 00000649 (0x5 bytes), align: 0
  Segment part 205.           Intra module refs:   port0_ISR
                                                   port1_ISR
                                                   port2_ISR
           LOCAL                   ADDRESS         
           =====                   =======         
           ?Subroutine5            00000645 
    -------------------------------------------------------------------------
NEAR_CODE
  Relative segment, address: CODE 0000064A - 000006A0 (0x57 bytes), align: 0
  Segment part 206.           Intra module refs:   port1_ISR::??INTVEC 123
           ENTRY                   ADDRESS         REF BY
           =====                   =======         ======
           port1_ISR               0000064A 
               interrupt function
               ISTACK = 00000000 ( 00000010 )
    -------------------------------------------------------------------------
NEAR_CODE
  Relative segment, address: CODE 000006A1 - 000006A2 (0x2 bytes), align: 0
  Segment part 207.           Intra module refs:   port0_ISR
                                                   port1_ISR
                                                   port2_ISR
           LOCAL                   ADDRESS         
           =====                   =======         
           ?Subroutine17           000006A1 
    -------------------------------------------------------------------------
NEAR_CODE
  Relative segment, address: CODE 000006A3 - 000006AB (0x9 bytes), align: 0
  Segment part 208.           Intra module refs:   ?Subroutine17
                                                   rfIsr
    -------------------------------------------------------------------------
NEAR_CODE
  Relative segment, address: CODE 000006AC - 00000703 (0x58 bytes), align: 0
  Segment part 209.           Intra module refs:   port2_ISR::??INTVEC 51
           ENTRY                   ADDRESS         REF BY
           =====                   =======         ======
           port2_ISR               000006AC 
               interrupt function
               ISTACK = 00000000 ( 00000010 )
    -------------------------------------------------------------------------
XDATA_Z
  Relative segment, address: XDATA 00000239 - 00000239 (0x1 bytes), align: 0
  Segment part 101.           Intra module refs:   appSwitch
           LOCAL                   ADDRESS         
           =====                   =======         
           halJoystickPushed::prevValue
                                   00000239 
    -------------------------------------------------------------------------
<BANKED_CODE> 1 (was BANKED_CODE)
  Relative segment, address: CODE 00000D83 - 00000DD3 (0x51 bytes), align: 0
  Segment part 185.           Intra module refs:   halJoystickGetDir::?relay
           ENTRY                   ADDRESS         REF BY
           =====                   =======         ======
           halJoystickGetDir       00000D83 
               calls direct
               XSTACK = 0000000C ( 0000000A )
    -------------------------------------------------------------------------
XDATA_Z
  Relative segment, address: XDATA 0000023A - 0000023A (0x1 bytes), align: 0
  Segment part 102.           Intra module refs:   halButtonPushed
                                                   halLedToggle
           ENTRY                   ADDRESS         REF BY
           =====                   =======         ======
           led4State               0000023A 
    -------------------------------------------------------------------------
<BANKED_CODE> 1 (was BANKED_CODE)
  Relative segment, address: CODE 00000DD4 - 00000E09 (0x36 bytes), align: 0
  Segment part 187.           Intra module refs:   halLedToggle::?relay
           ENTRY                   ADDRESS         REF BY
           =====                   =======         ======
           halLedToggle            00000DD4 
               XSTACK = 0000000A ( 00000000 )
               ISTACK = 00000000 ( 00000002 )
    -------------------------------------------------------------------------
XDATA_I
  Relative segment, address: XDATA 000003D5 - 000003DC (0x8 bytes), align: 0
  Segment part 103.           Intra module refs:   utilPrintLogo
           LOCAL                   ADDRESS         
           =====                   =======         
           symbol1                 000003D5 
    -------------------------------------------------------------------------
XDATA_I
  Relative segment, address: XDATA 000003DD - 000003E4 (0x8 bytes), align: 0
  Segment part 105.           Intra module refs:   utilPrintLogo
           LOCAL                   ADDRESS         
           =====                   =======         
           symbol2                 000003DD 
    -------------------------------------------------------------------------
XDATA_I
  Relative segment, address: XDATA 000003E5 - 000003EC (0x8 bytes), align: 0
  Segment part 107.           Intra module refs:   utilPrintLogo
           LOCAL                   ADDRESS         
           =====                   =======         
           symbol3                 000003E5 
    -------------------------------------------------------------------------
XDATA_I
  Relative segment, address: XDATA 000003ED - 000003F4 (0x8 bytes), align: 0
  Segment part 109.           Intra module refs:   utilPrintLogo
           LOCAL                   ADDRESS         
           =====                   =======         
           symbol4                 000003ED 
    -------------------------------------------------------------------------
<BANKED_CODE> 1 (was BANKED_CODE)
  Relative segment, address: CODE 00000E0A - 00000EBD (0xb4 bytes), align: 0
  Segment part 189.           Intra module refs:   utilMenuSelect::?relay
           ENTRY                   ADDRESS         REF BY
           =====                   =======         ======
           utilMenuSelect          00000E0A 
               calls direct
               XSTACK = 00000000 ( 0000000C )
               ISTACK = 00000000 ( 00000001 )
    -------------------------------------------------------------------------
<BANKED_CODE> 1 (was BANKED_CODE)
  Relative segment, address: CODE 00000EBE - 00000EC2 (0x5 bytes), align: 0
  Segment part 191.           Intra module refs:   basicRfInit
                                                   halLcdCreateSpecChar
                                                   utilMenuSelect
                                                   utilPrintLogo
           LOCAL                   ADDRESS         
           =====                   =======         
           ?Subroutine2            00000EBE 
    -------------------------------------------------------------------------
<BANKED_CODE> 1 (was BANKED_CODE)
  Relative segment, address: CODE 00000EC3 - 00000EDA (0x18 bytes), align: 0
  Segment part 192.           Intra module refs:   utilMenuSelect
           LOCAL                   ADDRESS         
           =====                   =======         
           ?Subroutine9            00000EC3 
    -------------------------------------------------------------------------
<BANKED_CODE> 1 (was BANKED_CODE)
  Relative segment, address: CODE 00000EDB - 00001059 (0x17f bytes), align: 0
  Segment part 193.           Intra module refs:   utilPrintLogo::?relay
           ENTRY                   ADDRESS         REF BY
           =====                   =======         ======
           utilPrintLogo           00000EDB 
               calls direct
               XSTACK = 00000000 ( 0000003A )
               ISTACK = 00000000 ( 00000002 )
    -------------------------------------------------------------------------
XDATA_Z
  Relative segment, address: XDATA 0000023B - 000002A3 (0x69 bytes), align: 0
  Segment part 111.           Intra module refs:   appSwitch
           LOCAL                   ADDRESS         
           =====                   =======         
           pTxData                 0000023B 
    -------------------------------------------------------------------------
XDATA_Z
  Relative segment, address: XDATA 000002A4 - 0000030C (0x69 bytes), align: 0
  Segment part 112.           Intra module refs:   appLight
           LOCAL                   ADDRESS         
           =====                   =======         
           pRxData                 000002A4 
    -------------------------------------------------------------------------
XDATA_Z
  Relative segment, address: XDATA 0000030D - 00000312 (0x6 bytes), align: 0
  Segment part 113.           Intra module refs:   ?Subroutine11
                                                   appLight
                                                   appSwitch
                                                   main
           LOCAL                   ADDRESS         
           =====                   =======         
           basicRfConfig           0000030D 
    -------------------------------------------------------------------------
XDATA_I
  Relative segment, address: XDATA 000003F5 - 000003FA (0x6 bytes), align: 0
  Segment part 114.           Intra module refs:   Segment part 117
           LOCAL                   ADDRESS         
           =====                   =======         
           pMenuItems              000003F5 
    -------------------------------------------------------------------------
XDATA_I
  Relative segment, address: XDATA 000003FB - 000003FD (0x3 bytes), align: 0
  Segment part 116.           Intra module refs:   main
           LOCAL                   ADDRESS         
           =====                   =======         
           pMenu                   000003FB 
    -------------------------------------------------------------------------
XDATA_I
  Relative segment, address: XDATA 000003FE - 00000401 (0x4 bytes), align: 0
  Segment part 118.           Intra module refs:   basicRfInit
           ENTRY                   ADDRESS         REF BY
           =====                   =======         ======
           __Constant_0            000003FE 
    -------------------------------------------------------------------------
<BANKED_CODE> 1 (was BANKED_CODE)
  Relative segment, address: CODE 0000105A - 000010E0 (0x87 bytes), align: 0
  Segment part 195.           Intra module refs:   appLight::?relay
           LOCAL                   ADDRESS         
           =====                   =======         
           appLight                0000105A 
               calls direct
               XSTACK = 00000000 ( 0000000C )
    -------------------------------------------------------------------------
<BANKED_CODE> 1 (was BANKED_CODE)
  Relative segment, address: CODE 000010E1 - 0000117C (0x9c bytes), align: 0
  Segment part 197.           Intra module refs:   appSwitch::?relay
           LOCAL                   ADDRESS         
           =====                   =======         
           appSwitch               000010E1 
               calls direct
               XSTACK = 00000000 ( 0000000A )
    -------------------------------------------------------------------------
<BANKED_CODE> 1 (was BANKED_CODE)
  Relative segment, address: CODE 0000117D - 00001188 (0xc bytes), align: 0
  Segment part 199.           Intra module refs:   appLight
                                                   appSwitch
           LOCAL                   ADDRESS         
           =====                   =======         
           ?Subroutine11           0000117D 
    -------------------------------------------------------------------------
<BANKED_CODE> 1 (was BANKED_CODE)
  Relative segment, address: CODE 00001189 - 000011F7 (0x6f bytes), align: 0
  Segment part 200.
           ENTRY                   ADDRESS         REF BY
           =====                   =======         ======
           main                    00001189        ?call_main (?cmain)
               calls direct
    -------------------------------------------------------------------------
<BANKED_CODE> 1 (was BANKED_CODE)
  Relative segment, address: CODE 000011F8 - 00001204 (0xd bytes), align: 0
  Segment part 202.           Intra module refs:   halBoardInit
                                                   main
           LOCAL                   ADDRESS         
           =====                   =======         
           ?Subroutine12           000011F8 
    -------------------------------------------------------------------------
INTVEC
  Common segment, address: CODE 00000000 - 00000035 (0x36 bytes), align: 0
  Segment part 39. ROOT.
           ENTRY                   ADDRESS         REF BY
           =====                   =======         ======
           port2_ISR::??INTVEC 51
[...]
  LIBRARY MODULE, NAME : ?ADD_XSTACK_DISP8

  SEGMENTS IN THE MODULE
  ======================
RCODE
  Relative segment, address: CODE 00000398 - 000003B2 (0x1b bytes), align: 0
  Segment part 1.
           ENTRY                   ADDRESS         REF BY
           =====                   =======         ======
           ?ADD_XSTACK_DISP0_8     00000398        ?PUSH_XSTACK_I (?PUSH_XSTACK_I)

    -------------------------------------------------------------------------
  LIBRARY MODULE, NAME : ?XSTACK_DISP8

  SEGMENTS IN THE MODULE
  ======================
RCODE
  Relative segment, address: CODE 000003B3 - 000003BC (0xa bytes), align: 0
  Segment part 1.
           ENTRY                   ADDRESS         REF BY
           =====                   =======         ======
           ?XSTACK_DISP0_8         000003B3        memcpy (?memcpy)
                                                   strncpy (?strncpy)
                                                   utilPrintLogo (basic_rf)

    -------------------------------------------------------------------------
  LIBRARY MODULE, NAME : ?CALL_IND

  SEGMENTS IN THE MODULE
  ======================
RCODE
  Relative segment, address: CODE 000003BD - 000003BE (0x2 bytes), align: 0
  Segment part 0.
           ENTRY                   ADDRESS         REF BY
           =====                   =======         ======
           ?CALL_IND               000003BD        port0_ISR (basic_rf)
                                                   port1_ISR (basic_rf)
                                                   port2_ISR (basic_rf)
                                                   rfIsr (basic_rf)

    -------------------------------------------------------------------------
  LIBRARY MODULE, NAME : ?BANKED_ENTER_XDATA

  SEGMENTS IN THE MODULE
  ======================
RCODE
  Relative segment, address: CODE 000003BF - 00000424 (0x66 bytes), align: 0
  Segment part 1.
           ENTRY                   ADDRESS         REF BY
           =====                   =======         ======
           ?BANKED_ENTER_XDATA     000003BF        ?Subroutine4 (basic_rf)
                                                   adcSampleSingle (basic_rf)
                                                   appLight (basic_rf)
                                                   appSwitch (basic_rf)
                                                   basicRfInit (basic_rf)
                                                   basicRfSendPacket (basic_rf)
                                                   halJoystickGetDir (basic_rf)
                                                   halLcdClear (basic_rf)
                                                   halLcdCreateSpecChar (basic_rf)
                                                   halLcdInit (basic_rf)
                                                   halLcdWriteLine (basic_rf)
                                                   halMcuWaitMs (basic_rf)
                                                   halRfWriteTxBuf (basic_rf)
                                                   lcdWriteLine (basic_rf)
                                                   lcdWriteMany (basic_rf)
                                                   memcpy (?memcpy)
                                                   strcat (?strcat)
                                                   strncpy (?strncpy)
                                                   utilMenuSelect (basic_rf)
                                                   utilPrintLogo (basic_rf)

    -------------------------------------------------------------------------
  LIBRARY MODULE, NAME : ?BANKED_LEAVE_XDATA

  SEGMENTS IN THE MODULE
  ======================
RCODE
  Relative segment, address: CODE 00000425 - 00000462 (0x3e bytes), align: 0
  Segment part 1.
           ENTRY                   ADDRESS         REF BY
           =====                   =======         ======
           ?BANKED_LEAVE_XDATA     00000425        ?Subroutine2 (basic_rf)
                                                   ?Subroutine3 (basic_rf)
                                                   Segment part 163 (basic_rf)
                                                   basicRfSendPacket (basic_rf)
                                                   halMcuWaitMs (basic_rf)
                                                   memcpy (?memcpy)
                                                   strcat (?strcat)
                                                   strncpy (?strncpy)

    -------------------------------------------------------------------------
  LIBRARY MODULE, NAME : ?INTERRUPT_ENTER_XSP

  SEGMENTS IN THE MODULE
  ======================
RCODE
  Relative segment, address: CODE 00000463 - 000004C1 (0x5f bytes), align: 0
  Segment part 1.
           ENTRY                   ADDRESS         REF BY
           =====                   =======         ======
           ?INTERRUPT_ENTER_XSP    00000463        port0_ISR (basic_rf)
                                                   port1_ISR (basic_rf)
                                                   port2_ISR (basic_rf)
                                                   rfIsr (basic_rf)

    -------------------------------------------------------------------------
  LIBRARY MODULE, NAME : ?INTERRUPT_LEAVE_XSP

  SEGMENTS IN THE MODULE
  ======================
RCODE
  Relative segment, address: CODE 000004C2 - 00000511 (0x50 bytes), align: 0
  Segment part 1.
           ENTRY                   ADDRESS         REF BY
           =====                   =======         ======
           ?INTERRUPT_LEAVE_XSP    000004C2        ?Subroutine5 (basic_rf)
                                                   rfIsr (basic_rf)

    -------------------------------------------------------------------------
  LIBRARY MODULE, NAME : ?PUSH_XSTACK_I

  SEGMENTS IN THE MODULE
  ======================
RCODE
  Relative segment, address: CODE 00000512 - 00000515 (0x4 bytes), align: 0
  Segment part 2.
           ENTRY                   ADDRESS         REF BY
           =====                   =======         ======
           ?PUSH_XSTACK_I_TWO      00000512        appLight (basic_rf)
                                                   utilPrintLogo (basic_rf)
    -------------------------------------------------------------------------
RCODE
  Relative segment, address: CODE 00000516 - 00000522 (0xd bytes), align: 0
  Segment part 4.             Intra module refs:   ?PUSH_XSTACK_I_TWO
           ENTRY                   ADDRESS         REF BY
           =====                   =======         ======
           ?PUSH_XSTACK_I          00000516 

    -------------------------------------------------------------------------
  LIBRARY MODULE, NAME : ?UC_SWITCH_DENSE

  SEGMENTS IN THE MODULE
  ======================
RCODE
  Relative segment, address: CODE 00000523 - 00000528 (0x6 bytes), align: 0
  Segment part 0.
           ENTRY                   ADDRESS         REF BY
           =====                   =======         ======
           ?UC_SWITCH_DENSE        00000523        halLedToggle (basic_rf)
    -------------------------------------------------------------------------
RCODE
  Relative segment, address: CODE 00000529 - 00000557 (0x2f bytes), align: 0
  Segment part 2.             Intra module refs:   ?UC_SWITCH_DENSE
    -------------------------------------------------------------------------
RCODE
  Relative segment, address: CODE 00000558 - 00000558 (0x1 bytes), align: 0
  Segment part 4.             Intra module refs:   ?UC_SWITCH_DENSE

    -------------------------------------------------------------------------
  LIBRARY MODULE, NAME : ?UC_SWITCH_SPARSE

  SEGMENTS IN THE MODULE
  ======================
RCODE
  Relative segment, address: CODE 00000559 - 0000055F (0x7 bytes), align: 0
  Segment part 0.
           ENTRY                   ADDRESS         REF BY
           =====                   =======         ======
           ?UC_SWITCH_SPARSE       00000559        utilPrintLogo (basic_rf)
    -------------------------------------------------------------------------
RCODE
  Relative segment, address: CODE 00000560 - 00000581 (0x22 bytes), align: 0
  Segment part 2.             Intra module refs:   ?UC_SWITCH_SPARSE
           ENTRY                   ADDRESS         REF BY
           =====                   =======         ======
           ?UC_SWITCH_SPARSE_LEAVE
                                   00000576        ?UC_JMP_IF_IN_RANGE (?UC_JMP_IF_IN_RANGE)
                                                   ?UC_JMP_IF_VALUE (?UC_JMP_IF_VALUE)
    -------------------------------------------------------------------------
RCODE
  Relative segment, address: CODE 00000582 - 00000582 (0x1 bytes), align: 0
  Segment part 4.             Intra module refs:   ?UC_SWITCH_SPARSE

    -------------------------------------------------------------------------
  LIBRARY MODULE, NAME : ?UC_JMP_IF_IN_RANGE

  SEGMENTS IN THE MODULE
  ======================
RCODE
  Relative segment, address: CODE 00000583 - 000005A1 (0x1f bytes), align: 0
  Segment part 0.
           ENTRY                   ADDRESS         REF BY
           =====                   =======         ======
           ?UC_JMP_IF_IN_RANGE     00000583        ?UC_SWITCH_SPARSE_LEAVE (?UC_SWITCH_SPARSE)

    -------------------------------------------------------------------------
  LIBRARY MODULE, NAME : ?UC_JMP_IF_VALUE

  SEGMENTS IN THE MODULE
  ======================
RCODE
  Relative segment, address: CODE 000005A2 - 000005B7 (0x16 bytes), align: 0
  Segment part 0.
           ENTRY                   ADDRESS         REF BY
           =====                   =======         ======
           ?UC_JMP_IF_VALUE        000005A2        ?UC_SWITCH_SPARSE_LEAVE (?UC_SWITCH_SPARSE)

    -------------------------------------------------------------------------
  LIBRARY MODULE, NAME : ?memcpy

  SEGMENTS IN THE MODULE
  ======================
<BANKED_CODE> 1 (was BANKED_CODE)
  Relative segment, address: CODE 0000126C - 000012B3 (0x48 bytes), align: 0
  Segment part 6.             Intra module refs:   memcpy::?relay
           ENTRY                   ADDRESS         REF BY
           =====                   =======         ======
           memcpy                  0000126C 
               XSTACK = 00000002 ( 0000000A )
               ISTACK = 00000000 ( 00000001 )
    -------------------------------------------------------------------------
BANK_RELAYS
  Relative segment, address: CODE 000002F1 - 000002F6 (0x6 bytes), align: 0
  Segment part 7.
           ENTRY                   ADDRESS         REF BY
           =====                   =======         ======
           memcpy::?relay          000002F1        appLight (basic_rf)

    -------------------------------------------------------------------------
  LIBRARY MODULE, NAME : ?strcat

  SEGMENTS IN THE MODULE
  ======================
<BANKED_CODE> 1 (was BANKED_CODE)
  Relative segment, address: CODE 000012B4 - 000012E9 (0x36 bytes), align: 0
  Segment part 6.             Intra module refs:   strcat::?relay
           ENTRY                   ADDRESS         REF BY
           =====                   =======         ======
           strcat                  000012B4 
               XSTACK = 00000000 ( 00000009 )
               ISTACK = 00000000 ( 00000001 )
    -------------------------------------------------------------------------
BANK_RELAYS
  Relative segment, address: CODE 000002F7 - 000002FC (0x6 bytes), align: 0
  Segment part 7.
           ENTRY                   ADDRESS         REF BY
           =====                   =======         ======
           strcat::?relay          000002F7        utilPrintLogo (basic_rf)

    -------------------------------------------------------------------------
  LIBRARY MODULE, NAME : ?strlen

  SEGMENTS IN THE MODULE
  ======================
<BANKED_CODE> 1 (was BANKED_CODE)
  Relative segment, address: CODE 000012EA - 00001307 (0x1e bytes), align: 0
  Segment part 6.             Intra module refs:   strlen::?relay
           ENTRY                   ADDRESS         REF BY
           =====                   =======         ======
           strlen                  000012EA 
               ISTACK = 00000000 ( 00000002 )
    -------------------------------------------------------------------------
BANK_RELAYS
  Relative segment, address: CODE 000002FD - 00000302 (0x6 bytes), align: 0
  Segment part 7.
           ENTRY                   ADDRESS         REF BY
           =====                   =======         ======
           strlen::?relay          000002FD        utilPrintLogo (basic_rf)

    -------------------------------------------------------------------------
  LIBRARY MODULE, NAME : ?strncpy

  SEGMENTS IN THE MODULE
  ======================
<BANKED_CODE> 1 (was BANKED_CODE)
  Relative segment, address: CODE 00001205 - 0000126B (0x67 bytes), align: 0
  Segment part 6.             Intra module refs:   strncpy::?relay
           ENTRY                   ADDRESS         REF BY
           =====                   =======         ======
           strncpy                 00001205 
               XSTACK = 00000002 ( 0000000A )
               ISTACK = 00000000 ( 00000001 )
    -------------------------------------------------------------------------
BANK_RELAYS
  Relative segment, address: CODE 00000303 - 00000308 (0x6 bytes), align: 0
  Segment part 7.
           ENTRY                   ADDRESS         REF BY
           =====                   =======         ======
           strncpy::?relay         00000303        utilPrintLogo (basic_rf)

    -------------------------------------------------------------------------
  LIBRARY MODULE, NAME : ?low_level_init

  SEGMENTS IN THE MODULE
  ======================
CSTART
  Relative segment, address: CODE 0000013F - 00000141 (0x3 bytes), align: 0
  Segment part 6. ROOT.
           ENTRY                   ADDRESS         REF BY
           =====                   =======         ======
           __low_level_init        0000013F        __low_level_init_call (?cmain)




                ****************************************
                *                                      *
                *            MODULE SUMMARY            *
                *                                      *
                ****************************************

Module                    CODE      DATA      XDATA  IDATA    BIT
------                    ----      ----      -----  -----    ---
                         (Rel)  (Rel)  (Abs)  (Rel)  (Rel)  (Rel)
?ADD_XSTACK_DISP8           27
?ALLOC_XSTACK8              22
?BANKED_CODE_SUPPORT        74
?BANKED_ENTER_XDATA        102
?BANKED_LEAVE_XDATA         62
?CALL_IND                    2
?DEALLOC_XSTACK8            26
?INTERRUPT_ENTER_XSP        95
?INTERRUPT_LEAVE_XSP        80
?L_MOV_TO_X                 15
?L_MOV_X                    15
?MOVE_LONG8_XDATA_IDATA     13
?MOVE_LONG8_XDATA_XDATA     33
?PUSH_XSTACK_I              17
?S_SHL                      19
?UC_JMP_IF_IN_RANGE         31
?UC_JMP_IF_VALUE            22
?UC_SWITCH_DENSE            54
?UC_SWITCH_SPARSE           42
?XSTACK_DISP8               10
?cexit                       5
?cmain                      88
?low_level_init              3
?memcpy                     78
?strcat                     60
?strlen                     36
?strncpy                   109
CSTARTUP                    18
  + common                   3
VIRTUAL_REGISTERS                   2                           8
basic_rf                 3 580            38    769
  + common                 134
N/A (command line)                 16           256     64
N/A (alignment)
----------               -----     --     --  -----     --      -
Total:                   4 738     18     38  1 025     64      8
  + common                 134


                ****************************************
                *                                      *
                *      SEGMENTS IN ADDRESS ORDER       *
                *                                      *
                ****************************************


SEGMENT              SPACE    START ADDRESS   END ADDRESS     SIZE  TYPE  ALIGN
=======              =====    =============   ===========     ====  ====  =====
INTVEC               CODE          00000000 - 00000085          86   com    0
CSTART               CODE          00000086 - 00000141          BC   rel    0
IDATA_ID             CODE               00000142                     dse    0
BIT_ID               CODE               00000142                     dse    0
BDATA_ID             CODE               00000142                     dse    0
IXDATA_ID            CODE               00000142                     dse    0
PDATA_ID             CODE               00000142                     dse    0
DATA_ID              CODE               00000142                     dse    0
XDATA_ID             CODE          00000142 - 00000230          EF   rel    0
BANK_RELAYS          CODE          00000231 - 00000308          D8   rel    0
RCODE                CODE          00000309 - 000005B7         2AF   rel    0
DIFUNCT              CODE               000005B8                     dse    0
CODE_C               CODE               000005B8                     dse    0
CODE_N               CODE               000005B8                     dse    0
NEAR_CODE            CODE          000005B8 - 00000703         14C   rel    0
<BANKED_CODE> 1      CODE          00000704 - 00001307         C04   rel    0
REGISTERS            DATA          00000000 - 00000007           8   rel    0
VREG                 DATA          00000008 - 0000000F           8   rel    0
PSP                  DATA               00000010                     dse    0
XSP                  DATA          00000010 - 00000011           2   rel    0
BREG                 BIT        00000020.0  -  00000020.7        8   rel    0
SFR_AN               DATA          00000080 - 00000080           1   rel    0
                     DATA          00000088 - 0000008B           4 
                     DATA          0000008F - 00000091           3 
                     DATA          0000009A - 0000009B           2 
                     DATA          0000009D - 0000009E           2 
                     DATA          000000A0 - 000000A0           1 
                     DATA          000000A8 - 000000A8           1 
                     DATA          000000B6 - 000000B6           1 
                     DATA          000000BA - 000000BB           2 
                     DATA          000000BE - 000000BE           1 
                     DATA          000000C0 - 000000C0           1 
                     DATA          000000C6 - 000000C6           1 
                     DATA          000000D9 - 000000D9           1 
                     DATA          000000E1 - 000000E1           1 
                     DATA          000000E8 - 000000E9           2 
                     DATA          000000F1 - 000000F5           5 
                     DATA          000000F7 - 000000FF           9 
XSTACK               XDATA         00000001 - 00000100         100   rel    0
XDATA_Z              XDATA         00000101 - 00000312         212   rel    0
XDATA_I              XDATA         00000313 - 00000401          EF   rel    0
ISTACK               IDATA         000000C0 - 000000FF          40   rel    0

                ****************************************
                *                                      *
                *        END OF CROSS REFERENCE        *
                *                                      *
                ****************************************

 4 872 bytes of CODE  memory
    18 bytes of DATA  memory (+ 38 absolute )
 1 025 bytes of XDATA memory
    64 bytes of IDATA memory
     8 bits  of BIT   memory

Errors: none
Warnings: none

