################################################################################
#                                                                              #
#      IAR Universal Linker V4.61T/W32                                         #
#                                                                              #
#           Link time     =  07/Dec/2014  18:15:22                             #
#           Target CPU    =  x51                                               #
#           List file     =  C:\Users\youngem1\Documents\GitHub\ME391_project\ #
#                            workspace\ide\srf05_cc2530\iar\temp\robot.map     #
#           Output file 1 =  C:\Users\youngem1\Documents\GitHub\ME391_project\ #
#                            workspace\ide\srf05_cc2530\iar\light_switch.hex   #
#                            Format: intel-extended                            #
#           Output file 2 =  C:\Users\youngem1\Documents\GitHub\ME391_project\ #
#                            workspace\ide\srf05_cc2530\iar\robot.d51          #
#                            Format: debug                                     #
#                            UBROF version 10.0.3                              #
#                            Using library modules for C-SPY (-rt)             #
#           Command line  =  "-IC:\Program Files\IAR Systems\Embedded Workbenc #
#                            h 5.4\8051\CONFIG\"                               #
#                            -D_NR_OF_BANKS=0x07 -D_CODEBANK_END=0xFFFF        #
#                            -D_CODEBANK_START=0x8000 -D?CBANK_MASK=0x07       #
#                            -D?CBANK=0x9F                                     #
#                            C:\Users\youngem1\Documents\GitHub\ME391_project\ #
#                            workspace\ide\srf05_cc2530\iar\temp\light_switch\ #
#                            adc.r51                                           #
#                            C:\Users\youngem1\Documents\GitHub\ME391_project\ #
#                            workspace\ide\srf05_cc2530\iar\temp\light_switch\ #
#                            basic_rf.r51                                      #
#                            C:\Users\youngem1\Documents\GitHub\ME391_project\ #
#                            workspace\ide\srf05_cc2530\iar\temp\light_switch\ #
#                            basic_rf_security.r51                             #
#                            C:\Users\youngem1\Documents\GitHub\ME391_project\ #
#                            workspace\ide\srf05_cc2530\iar\temp\light_switch\ #
#                            clock.r51                                         #
#                            C:\Users\youngem1\Documents\GitHub\ME391_project\ #
#                            workspace\ide\srf05_cc2530\iar\temp\light_switch\ #
#                            hal_assert.r51                                    #
#                            C:\Users\youngem1\Documents\GitHub\ME391_project\ #
#                            workspace\ide\srf05_cc2530\iar\temp\light_switch\ #
#                            hal_board.r51                                     #
#                            C:\Users\youngem1\Documents\GitHub\ME391_project\ #
#                            workspace\ide\srf05_cc2530\iar\temp\light_switch\ #
#                            hal_button.r51                                    #
#                            C:\Users\youngem1\Documents\GitHub\ME391_project\ #
#                            workspace\ide\srf05_cc2530\iar\temp\light_switch\ #
#                            hal_digio.r51                                     #
#                            C:\Users\youngem1\Documents\GitHub\ME391_project\ #
#                            workspace\ide\srf05_cc2530\iar\temp\light_switch\ #
#                            hal_int.r51                                       #
#                            C:\Users\youngem1\Documents\GitHub\ME391_project\ #
#                            workspace\ide\srf05_cc2530\iar\temp\light_switch\ #
#                            hal_joystick.r51                                  #
#                            C:\Users\youngem1\Documents\GitHub\ME391_project\ #
#                            workspace\ide\srf05_cc2530\iar\temp\light_switch\ #
#                            hal_lcd_srf05.r51                                 #
#                            C:\Users\youngem1\Documents\GitHub\ME391_project\ #
#                            workspace\ide\srf05_cc2530\iar\temp\light_switch\ #
#                            hal_led.r51                                       #
#                            C:\Users\youngem1\Documents\GitHub\ME391_project\ #
#                            workspace\ide\srf05_cc2530\iar\temp\light_switch\ #
#                            hal_mcu.r51                                       #
#                            C:\Users\youngem1\Documents\GitHub\ME391_project\ #
#                            workspace\ide\srf05_cc2530\iar\temp\light_switch\ #
#                            hal_rf.r51                                        #
#                            C:\Users\youngem1\Documents\GitHub\ME391_project\ #
#                            workspace\ide\srf05_cc2530\iar\temp\light_switch\ #
#                            hal_rf_security.r51                               #
#                            C:\Users\youngem1\Documents\GitHub\ME391_project\ #
#                            workspace\ide\srf05_cc2530\iar\temp\light_switch\ #
#                            robot.r51                                         #
#                            C:\Users\youngem1\Documents\GitHub\ME391_project\ #
#                            workspace\ide\srf05_cc2530\iar\temp\light_switch\ #
#                            util.r51                                          #
#                            C:\Users\youngem1\Documents\GitHub\ME391_project\ #
#                            workspace\ide\srf05_cc2530\iar\temp\light_switch\ #
#                            util_buffer.r51                                   #
#                            C:\Users\youngem1\Documents\GitHub\ME391_project\ #
#                            workspace\ide\srf05_cc2530\iar\temp\light_switch\ #
#                            util_lcd.r51                                      #
#                            -o                                                #
#                            C:\Users\youngem1\Documents\GitHub\ME391_project\ #
#                            workspace\ide\srf05_cc2530\iar\robot.d51          #
#                            -l                                                #
#                            C:\Users\youngem1\Documents\GitHub\ME391_project\ #
#                            workspace\ide\srf05_cc2530\iar\temp\robot.map     #
#                            -xmsn                                             #
#                            "-IC:\Program Files\IAR Systems\Embedded Workbenc #
#                            h 5.4\8051\LIB\"                                  #
#                            -f                                                #
#                            "C:\Program Files\IAR Systems\Embedded Workbench  #
#                            5.4\8051\config\devices\Texas Instruments\lnk51ew #
#                            _cc2530F256_banked.xcl"                           #
#                            (-D_IDATA0_START=0x00 -D_IDATA0_END=0xFF          #
#                            -D_PDATA0_START=0x1E00 -D_PDATA0_END=0x1EFF       #
#                            -D_IXDATA0_START=0x0001 -D_IXDATA0_END=0x1EFF     #
#                            -D_XDATA0_START=_IXDATA0_START                    #
#                            -D_XDATA0_END=_IXDATA0_END                        #
#                            -D_NEAR_CODE_START=0x0000                         #
#                            -D_FIRST_BANK_ADDR=0x10000 -D?REGISTER_BANK=0x0   #
#                            -D_REGISTER_BANK_START=0x0 -D?PBANK_NUMBER=0x1E   #
#                            -D_BREG_START=0x00 -D?VB=0x20 -D?ESP=0x9B         #
#                            -Z(BIT)BREG=_BREG_START -Z(BIT)BIT_N=0-7F         #
#                            -Z(DATA)REGISTERS+8=_REGISTER_BANK_START          #
#                            -Z(DATA)BDATA_Z,BDATA_N,BDATA_I=20-2F             #
#                            -Z(DATA)VREG+_NR_OF_VIRTUAL_REGISTERS=08-7F       #
#                            -Z(DATA)PSP,XSP=08-7F -Z(DATA)DOVERLAY=08-7F      #
#                            -Z(DATA)DATA_I,DATA_Z,DATA_N=08-7F                #
#                            -U(IDATA)0-7F=(DATA)0-7F                          #
#                            -Z(IDATA)IDATA_I,IDATA_Z,IDATA_N=08-_IDATA0_END   #
#                            -Z(IDATA)ISTACK+_IDATA_STACK_SIZE#08-_IDATA0_END  #
#                            -Z(IDATA)IOVERLAY=08-FF -Z(CODE)INTVEC=0          #
#                            -Z(CODE)CSTART=_NEAR_CODE_START-(_CODEBANK_START- #
#                            1)                                                #
#                            -Z(CODE)BIT_ID,BDATA_ID,DATA_ID,IDATA_ID,IXDATA_I #
#                            D,PDATA_ID,XDATA_ID=_NEAR_CODE_START-(_CODEBANK_S #
#                            TART-1)                                           #
#                            -Z(CODE)BANK_RELAYS,RCODE,DIFUNCT,CODE_C,CODE_N,N #
#                            EAR_CODE=_NEAR_CODE_START-(_CODEBANK_START-1)     #
#                            -P(CODE)BANKED_CODE=_NEAR_CODE_START-(_CODEBANK_S #
#                            TART-1),[(_CODEBANK_START+_FIRST_BANK_ADDR)-(_COD #
#                            EBANK_END+_FIRST_BANK_ADDR)]*_NR_OF_BANKS+10000   #
#                            -Z(CODE)CHECKSUM#(_CODEBANK_START-1)              #
#                            -Z(XDATA)EXT_STACK+_EXTENDED_STACK_SIZE=_EXTENDED #
#                            _STACK_START                                      #
#                            -Z(XDATA)PSTACK+_PDATA_STACK_SIZE=_PDATA0_START-_ #
#                            PDATA0_END                                        #
#                            -Z(XDATA)XSTACK+_XDATA_STACK_SIZE=_XDATA0_START-_ #
#                            XDATA0_END                                        #
#                            -Z(XDATA)PDATA_Z,PDATA_I=_PDATA0_START-_PDATA0_EN #
#                            D                                                 #
#                            -P(XDATA)PDATA_N=_PDATA0_START-_PDATA0_END        #
#                            -Z(XDATA)IXDATA_Z,IXDATA_I=_IXDATA0_START-_IXDATA #
#                            0_END                                             #
#                            -P(XDATA)IXDATA_N=_IXDATA0_START-_IXDATA0_END     #
#                            -Z(XDATA)XDATA_Z,XDATA_I=_XDATA0_START-_XDATA0_EN #
#                            D                                                 #
#                            -P(XDATA)XDATA_N=_XDATA0_START-_XDATA0_END        #
#                            -Z(XDATA)XDATA_HEAP+_XDATA_HEAP_SIZE=_XDATA0_STAR #
#                            T-_XDATA0_END                                     #
#                            -Z(CONST)XDATA_ROM_C=_XDATA0_START-_XDATA0_END    #
#                            -cx51                                             #
#                            -M(CODE)[(_CODEBANK_START+_FIRST_BANK_ADDR)-(_COD #
#                            EBANK_END+_FIRST_BANK_ADDR)]*_NR_OF_BANKS+0x10000 #
#                            =0x8000                                           #
#                            -ww69=i -D_BANK0_START=0x00000                    #
#                            -D_BANK0_END=0x07FFF -D_BANK1_START=0x18000       #
#                            -D_BANK1_END=0x1FFFF -D_BANK2_START=0x28000       #
#                            -D_BANK2_END=0x2FFFF -D_BANK3_START=0x38000       #
#                            -D_BANK3_END=0x3FFFF -D_BANK4_START=0x48000       #
#                            -D_BANK4_END=0x4FFFF -D_BANK5_START=0x58000       #
#                            -D_BANK5_END=0x5FFFF -D_BANK6_START=0x68000       #
#                            -D_BANK6_END=0x6FFFF -D_BANK7_START=0x78000       #
#                            -D_BANK7_END=0x7FFFF                              #
#                            -P(CODE)BANK0=_BANK0_START-_BANK0_END             #
#                            -P(CODE)BANK1=_BANK1_START-_BANK1_END             #
#                            -P(CODE)BANK2=_BANK2_START-_BANK2_END             #
#                            -P(CODE)BANK3=_BANK3_START-_BANK3_END             #
#                            -P(CODE)BANK4=_BANK4_START-_BANK4_END             #
#                            -P(CODE)BANK5=_BANK5_START-_BANK5_END             #
#                            -P(CODE)BANK6=_BANK6_START-_BANK6_END             #
#                            -P(CODE)BANK7=_BANK7_START-_BANK7_END             #
#                            -D_FLASH_LOCK_BITS_START=0x7FFF0                  #
#                            -D_FLASH_LOCK_BITS_END=0x7FFFF                    #
#                            -Z(CODE)FLASH_LOCK_BITS=_FLASH_LOCK_BITS_START-_F #
#                            LASH_LOCK_BITS_END                                #
#                            -U(CODE)0x0000=(CODE)_FLASH_LOCK_BITS_START-_FLAS #
#                            H_LOCK_BITS_END)                                  #
#                            -e?BCALL_07=?BCALL -e?BRET_07=?BRET               #
#                            -e?BDISPATCH_07=?BDISPATCH                        #
#                            -D_NR_OF_VIRTUAL_REGISTERS=8 -D?PBANK=0xA0        #
#                            -e_medium_write=_formatted_write                  #
#                            -e_medium_read=_formatted_read -rt                #
#                            -Ointel-extended=C:\Users\youngem1\Documents\GitH #
#                            ub\ME391_project\workspace\ide\srf05_cc2530\iar\l #
#                            ight_switch.hex                                   #
#                            -s __program_start                                #
#                            "C:\Program Files\IAR Systems\Embedded Workbench  #
#                            5.4\8051\LIB\CLIB\cl-pli-blxd-1e16x01.r51"        #
#                            -D_IDATA_STACK_SIZE=0x40                          #
#                            -D_EXTENDED_STACK_START=0x00                      #
#                            -D_EXTENDED_STACK_SIZE=0x00                       #
#                            -D_PDATA_STACK_SIZE=0x80                          #
#                            -D_XDATA_STACK_SIZE=0x100                         #
#                            -D_XDATA_HEAP_SIZE=0xFF -D_FAR_HEAP_SIZE=0xFFF    #
#                            -D_HUGE_HEAP_SIZE=0xFFF                           #
#                            -D_FAR22_HEAP_SIZE=0xFFF                          #
#                                                                              #
#                           Copyright (C) 1987-2010 IAR Systems AB.            #
################################################################################





                ****************************************
                *                                      *
                *           CROSS REFERENCE            *
                *                                      *
                ****************************************

       Program entry at : CODE      000000E3  Relocatable, from module : CSTARTUP




                ****************************************
                *                                      *
                *            RUNTIME MODEL             *
                *                                      *
                ****************************************

  __calling_convention     = xdata_reentrant
  __code_model             = banked
  __core                   = plain
  __data_model             = large
  __dptr_size              = 16
  __extended_stack         = disabled
  __location_for_constants = data
  __number_of_dptrs        = 1
  __rt_version             = 1



                ****************************************
                *                                      *
                *              MODULE MAP              *
                *                                      *
                ****************************************


  DEFINED ABSOLUTE ENTRIES
    *************************************************************************

  DEFINED ABSOLUTE ENTRIES
  PROGRAM MODULE, NAME : ?ABS_ENTRY_MOD

Absolute parts
           ENTRY                   ADDRESS         REF BY
           =====                   =======         ======
           _FAR22_HEAP_SIZE        00000FFF 
           _HUGE_HEAP_SIZE         00000FFF 
           _FAR_HEAP_SIZE          00000FFF 
           _XDATA_HEAP_SIZE        000000FF 
           _XDATA_STACK_SIZE       00000100 
           _PDATA_STACK_SIZE       00000080 
           _EXTENDED_STACK_SIZE    00000000 
           _EXTENDED_STACK_START   00000000 
           _IDATA_STACK_SIZE       00000040 
           ?PBANK                  000000A0 
           _NR_OF_VIRTUAL_REGISTERS
                                   00000008 
           _FLASH_LOCK_BITS_END    0003FFFF 
           _FLASH_LOCK_BITS_START
                                   0003FFF0 
           _BANK7_END              0003FFFF 
           _BANK7_START            00038000 
           _BANK6_END              00037FFF 
           _BANK6_START            00030000 
           _BANK5_END              0002FFFF 
           _BANK5_START            00028000 
           _BANK4_END              00027FFF 
           _BANK4_START            00020000 
           _BANK3_END              0001FFFF 
           _BANK3_START            00018000 
           _BANK2_END              00017FFF 
           _BANK2_START            00010000 
           _BANK1_END              0000FFFF 
           _BANK1_START            00008000 
           _BANK0_END              00007FFF 
           _BANK0_START            00000000 
           ?ESP                    0000009B 
           ?VB                     00000020        ?BANKED_ENTER_XDATA (?BANKED_ENTER_XDATA)
                                                   ?BANKED_LEAVE_XDATA (?BANKED_LEAVE_XDATA)
                                                   ?INTERRUPT_ENTER_XSP (?INTERRUPT_ENTER_XSP)
                                                   ?INTERRUPT_LEAVE_XSP (?INTERRUPT_LEAVE_XSP)
           _BREG_START             00000000 
           ?PBANK_NUMBER           0000001E 
           _REGISTER_BANK_START    00000000 
           ?REGISTER_BANK          00000000        Segment part 6 (CSTARTUP)
           _FIRST_BANK_ADDR        00010000 
           _NEAR_CODE_START        00000000 
           _XDATA0_END             00001EFF 
           _XDATA0_START           00000001 
           _IXDATA0_END            00001EFF 
           _IXDATA0_START          00000001 
           _PDATA0_END             00001EFF 
           _PDATA0_START           00001E00 
           _IDATA0_END             000000FF 
           _IDATA0_START           00000000 
           ?CBANK                  0000009F        ?RESET_CODE_BANK (CSTARTUP)
                                                   Segment part 3 (?BANKED_CODE_SUPPORT)
           ?CBANK_MASK             00000007 
           _CODEBANK_START         00008000 
           _CODEBANK_END           0000FFFF 
           _NR_OF_BANKS            00000007 
    *************************************************************************

  FILE NAME : C:\Users\youngem1\Documents\GitHub\ME391_project\workspace\ide\srf05_cc2530\iar\temp\light_switch\adc.r51
    *************************************************************************

  FILE NAME : C:\Users\youngem1\Documents\GitHub\ME391_project\workspace\ide\srf05_cc2530\iar\temp\light_switch\basic_rf.r51
  PROGRAM MODULE, NAME : basic_rf

  SEGMENTS IN THE MODULE
  ======================
XDATA_I
  Relative segment, address: XDATA 00000446 - 00000451 (0xc bytes), align: 0
  Segment part 41.            Intra module refs:   basicRfInit
                                                   basicRfPacketIsReady
                                                   basicRfReceive
                                                   basicRfRxFrmDoneIsr
           LOCAL                   ADDRESS         
           =====                   =======         
           rxi                     00000446 
    -------------------------------------------------------------------------
XDATA_Z
  Relative segment, address: XDATA 00000101 - 00000107 (0x7 bytes), align: 0
  Segment part 43.            Intra module refs:   basicRfBuildHeader
                                                   basicRfInit
                                                   basicRfReceiveOff
                                                   basicRfReceiveOn
                                                   basicRfRxFrmDoneIsr
                                                   basicRfSendPacket
           LOCAL                   ADDRESS         
           =====                   =======         
           txState                 00000101 
    -------------------------------------------------------------------------
XDATA_Z
  Relative segment, address: XDATA 00000108 - 00000109 (0x2 bytes), align: 0
  Segment part 44.            Intra module refs:   basicRfBuildHeader
                                                   basicRfInit
                                                   basicRfSendPacket
           LOCAL                   ADDRESS         
           =====                   =======         
           pConfig                 00000108 
    -------------------------------------------------------------------------
XDATA_Z
  Relative segment, address: XDATA 0000010A - 0000017C (0x73 bytes), align: 0
  Segment part 45.            Intra module refs:   basicRfBuildMpdu
                                                   basicRfSendPacket
           LOCAL                   ADDRESS         
           =====                   =======         
           txMpdu                  0000010A 
    -------------------------------------------------------------------------
XDATA_Z
  Relative segment, address: XDATA 0000017D - 000001FC (0x80 bytes), align: 0
  Segment part 46.            Intra module refs:   basicRfRxFrmDoneIsr
           LOCAL                   ADDRESS         
           =====                   =======         
           rxMpdu                  0000017D 
    -------------------------------------------------------------------------
<BANKED_CODE> 1 (was BANKED_CODE)
  Relative segment, address: CODE 00000757 - 0000080C (0xb6 bytes), align: 0
  Segment part 67.            Intra module refs:   basicRfBuildHeader::?relay
           LOCAL                   ADDRESS         
           =====                   =======         
           basicRfBuildHeader      00000757 
               XSTACK = 00000012 ( 0000000C )
               ISTACK = 00000000 ( 00000001 )
    -------------------------------------------------------------------------
<BANKED_CODE> 1 (was BANKED_CODE)
  Relative segment, address: CODE 0000080D - 00000888 (0x7c bytes), align: 0
  Segment part 69.            Intra module refs:   basicRfBuildMpdu::?relay
           LOCAL                   ADDRESS         
           =====                   =======         
           basicRfBuildMpdu        0000080D 
               calls direct
               XSTACK = 0000000E ( 00000012 )
               ISTACK = 00000000 ( 00000001 )
    -------------------------------------------------------------------------
<BANKED_CODE> 1 (was BANKED_CODE)
  Relative segment, address: CODE 00000889 - 000009C3 (0x13b bytes), align: 0
  Segment part 71.            Intra module refs:   basicRfRxFrmDoneIsr::?relay
           LOCAL                   ADDRESS         
           =====                   =======         
           basicRfRxFrmDoneIsr     00000889 
               calls direct, is indirectly called
               XSTACK = 00000000 ( 0000000A )
    -------------------------------------------------------------------------
<BANKED_CODE> 1 (was BANKED_CODE)
  Relative segment, address: CODE 000009C4 - 00000A50 (0x8d bytes), align: 0
  Segment part 73.            Intra module refs:   basicRfInit::?relay
           ENTRY                   ADDRESS         REF BY
           =====                   =======         ======
           basicRfInit             000009C4 
               calls direct
               XSTACK = 00000000 ( 0000000C )
    -------------------------------------------------------------------------
<BANKED_CODE> 1 (was BANKED_CODE)
  Relative segment, address: CODE 00000A51 - 00000AE2 (0x92 bytes), align: 0
  Segment part 75.            Intra module refs:   basicRfSendPacket::?relay
           ENTRY                   ADDRESS         REF BY
           =====                   =======         ======
           basicRfSendPacket       00000A51 
               calls direct
               XSTACK = 00000009 ( 0000000E )
    -------------------------------------------------------------------------
<BANKED_CODE> 1 (was BANKED_CODE)
  Relative segment, address: CODE 00000AE3 - 00000AF2 (0x10 bytes), align: 0
  Segment part 77.            Intra module refs:   basicRfPacketIsReady::?relay
           ENTRY                   ADDRESS         REF BY
           =====                   =======         ======
           basicRfPacketIsReady    00000AE3 
               ISTACK = 00000000 ( 00000002 )
    -------------------------------------------------------------------------
<BANKED_CODE> 1 (was BANKED_CODE)
  Relative segment, address: CODE 00000AF3 - 00000B73 (0x81 bytes), align: 0
  Segment part 79.            Intra module refs:   basicRfReceive::?relay
           ENTRY                   ADDRESS         REF BY
           =====                   =======         ======
           basicRfReceive          00000AF3 
               calls direct
               XSTACK = 00000000 ( 00000010 )
    -------------------------------------------------------------------------
<BANKED_CODE> 1 (was BANKED_CODE)
  Relative segment, address: CODE 00000B74 - 00000B87 (0x14 bytes), align: 0
  Segment part 81.            Intra module refs:   basicRfReceiveOn::?relay
           ENTRY                   ADDRESS         REF BY
           =====                   =======         ======
           basicRfReceiveOn        00000B74 
               calls direct
               ISTACK = 00000000 ( 00000002 )
    -------------------------------------------------------------------------
<BANKED_CODE> 1 (was BANKED_CODE)
  Relative segment, address: CODE 00000B88 - 00000B9B (0x14 bytes), align: 0
  Segment part 83.            Intra module refs:   basicRfReceiveOff::?relay
           ENTRY                   ADDRESS         REF BY
           =====                   =======         ======
           basicRfReceiveOff       00000B88 
               calls direct
               ISTACK = 00000000 ( 00000002 )
    -------------------------------------------------------------------------
SFR_AN
  Relative segment, address: DATA 00000080 - 00000080 (0x1 bytes), align: 0
  Segment part 1. ROOT.       Intra module refs:   LIGHTUP
                                                   configurePressure
                                                   halLedToggle
                                                   readPressure
                                                   turnOffCS
                                                   turnOnCS
           ENTRY                   ADDRESS         REF BY
           =====                   =======         ======
           _A_P0                   00000080 
    -------------------------------------------------------------------------
SFR_AN
  Relative segment, address: DATA 00000089 - 00000089 (0x1 bytes), align: 0
  Segment part 2. ROOT.       Intra module refs:   port0_ISR
           ENTRY                   ADDRESS         REF BY
           =====                   =======         ======
           P0IFG                   00000089 
    -------------------------------------------------------------------------
SFR_AN
  Relative segment, address: DATA 0000008A - 0000008A (0x1 bytes), align: 0
  Segment part 3. ROOT.       Intra module refs:   port1_ISR
           ENTRY                   ADDRESS         REF BY
           =====                   =======         ======
           P1IFG                   0000008A 
    -------------------------------------------------------------------------
SFR_AN
  Relative segment, address: DATA 0000008B - 0000008B (0x1 bytes), align: 0
  Segment part 4. ROOT.       Intra module refs:   port2_ISR
           ENTRY                   ADDRESS         REF BY
           =====                   =======         ======
           P2IFG                   0000008B 
    -------------------------------------------------------------------------
SFR_AN
  Relative segment, address: DATA 00000090 - 00000090 (0x1 bytes), align: 0
  Segment part 5. ROOT.       Intra module refs:   configurePressure
                                                   halLedToggle
                                                   readPressure
                                                   turnOffCS
                                                   turnOnCS
           ENTRY                   ADDRESS         REF BY
           =====                   =======         ======
           _A_P1                   00000090 
    -------------------------------------------------------------------------
SFR_AN
  Relative segment, address: DATA 00000091 - 00000091 (0x1 bytes), align: 0
  Segment part 6. ROOT.       Intra module refs:   halRfTransmit
                                                   halRfWriteTxBuf
           ENTRY                   ADDRESS         REF BY
           =====                   =======         ======
           RFIRQF1                 00000091 
    -------------------------------------------------------------------------
SFR_AN
  Relative segment, address: DATA 0000009A - 0000009A (0x1 bytes), align: 0
  Segment part 7. ROOT.       Intra module refs:   halRfDisableRxInterrupt
                                                   halRfEnableRxInterrupt
           ENTRY                   ADDRESS         REF BY
           =====                   =======         ======
           IEN2                    0000009A 
    -------------------------------------------------------------------------
SFR_AN
  Relative segment, address: DATA 0000009B - 0000009B (0x1 bytes), align: 0
  Segment part 8. ROOT.       Intra module refs:   rfIsr
           ENTRY                   ADDRESS         REF BY
           =====                   =======         ======
           S1CON                   0000009B 
    -------------------------------------------------------------------------
SFR_AN
  Relative segment, address: DATA 0000009E - 0000009E (0x1 bytes), align: 0
  Segment part 9. ROOT.       Intra module refs:   configureStuff
           ENTRY                   ADDRESS         REF BY
           =====                   =======         ======
           CLKCONSTA               0000009E 
    -------------------------------------------------------------------------
SFR_AN
  Relative segment, address: DATA 000000A8 - 000000A8 (0x1 bytes), align: 0
  Segment part 10. ROOT.      Intra module refs:   halIntOff
                                                   halIntOn
                                                   halRfRxInterruptConfig
                                                   main
                                                   rfIsr
           ENTRY                   ADDRESS         REF BY
           =====                   =======         ======
           _A_IEN0                 000000A8 
    -------------------------------------------------------------------------
SFR_AN
  Relative segment, address: DATA 000000B8 - 000000B8 (0x1 bytes), align: 0
  Segment part 11. ROOT.      Intra module refs:   main
           ENTRY                   ADDRESS         REF BY
           =====                   =======         ======
           _A_IEN1                 000000B8 
    -------------------------------------------------------------------------
SFR_AN
  Relative segment, address: DATA 000000C0 - 000000C0 (0x1 bytes), align: 0
  Segment part 12. ROOT.      Intra module refs:   port0_ISR
           ENTRY                   ADDRESS         REF BY
           =====                   =======         ======
           _A_IRCON                000000C0 
    -------------------------------------------------------------------------
SFR_AN
  Relative segment, address: DATA 000000C6 - 000000C6 (0x1 bytes), align: 0
  Segment part 13. ROOT.      Intra module refs:   configureStuff
           ENTRY                   ADDRESS         REF BY
           =====                   =======         ======
           CLKCONCMD               000000C6 
    -------------------------------------------------------------------------
SFR_AN
  Relative segment, address: DATA 000000D9 - 000000D9 (0x1 bytes), align: 0
  Segment part 14. ROOT.      Intra module refs:   halRfReadRxBuf
                                                   halRfWriteTxBuf
           ENTRY                   ADDRESS         REF BY
           =====                   =======         ======
           RFD                     000000D9 
    -------------------------------------------------------------------------
SFR_AN
  Relative segment, address: DATA 000000DA - 000000DA (0x1 bytes), align: 0
  Segment part 15. ROOT.      Intra module refs:   configureStuff
           ENTRY                   ADDRESS         REF BY
           =====                   =======         ======
           T1CC0L                  000000DA 
    -------------------------------------------------------------------------
SFR_AN
  Relative segment, address: DATA 000000DB - 000000DB (0x1 bytes), align: 0
  Segment part 16. ROOT.      Intra module refs:   configureStuff
           ENTRY                   ADDRESS         REF BY
           =====                   =======         ======
           T1CC0H                  000000DB 
    -------------------------------------------------------------------------
SFR_AN
  Relative segment, address: DATA 000000E1 - 000000E1 (0x1 bytes), align: 0
  Segment part 17. ROOT.      Intra module refs:   halRfReceiveOff
                                                   halRfReceiveOn
                                                   halRfTransmit
                                                   halRfWriteTxBuf
           ENTRY                   ADDRESS         REF BY
           =====                   =======         ======
           RFST                    000000E1 
    -------------------------------------------------------------------------
SFR_AN
  Relative segment, address: DATA 000000E4 - 000000E4 (0x1 bytes), align: 0
  Segment part 18. ROOT.      Intra module refs:   configureStuff
           ENTRY                   ADDRESS         REF BY
           =====                   =======         ======
           T1CTL                   000000E4 
    -------------------------------------------------------------------------
SFR_AN
  Relative segment, address: DATA 000000E8 - 000000E8 (0x1 bytes), align: 0
  Segment part 19. ROOT.      Intra module refs:   port1_ISR
                                                   port2_ISR
           ENTRY                   ADDRESS         REF BY
           =====                   =======         ======
           _A_IRCON2               000000E8 
    -------------------------------------------------------------------------
SFR_AN
  Relative segment, address: DATA 000000E9 - 000000E9 (0x1 bytes), align: 0
  Segment part 20. ROOT.      Intra module refs:   rfIsr
           ENTRY                   ADDRESS         REF BY
           =====                   =======         ======
           RFIRQF0                 000000E9 
    -------------------------------------------------------------------------
SFR_AN
  Relative segment, address: DATA 000000F1 - 000000F1 (0x1 bytes), align: 0
  Segment part 21. ROOT.      Intra module refs:   configureStuff
           ENTRY                   ADDRESS         REF BY
           =====                   =======         ======
           PERCFG                  000000F1 
    -------------------------------------------------------------------------
SFR_AN
  Relative segment, address: DATA 000000F3 - 000000F3 (0x1 bytes), align: 0
  Segment part 22. ROOT.      Intra module refs:   configureStuff
           ENTRY                   ADDRESS         REF BY
           =====                   =======         ======
           P0SEL                   000000F3 
    -------------------------------------------------------------------------
SFR_AN
  Relative segment, address: DATA 000000F4 - 000000F4 (0x1 bytes), align: 0
  Segment part 23. ROOT.      Intra module refs:   configureStuff
           ENTRY                   ADDRESS         REF BY
           =====                   =======         ======
           P1SEL                   000000F4 
    -------------------------------------------------------------------------
SFR_AN
  Relative segment, address: DATA 000000F8 - 000000F8 (0x1 bytes), align: 0
  Segment part 24. ROOT.      Intra module refs:   configurePressure
                                                   configureStuff
                                                   readPressure
           ENTRY                   ADDRESS         REF BY
           =====                   =======         ======
           _A_U1CSR                000000F8 
    -------------------------------------------------------------------------
SFR_AN
  Relative segment, address: DATA 000000F9 - 000000F9 (0x1 bytes), align: 0
  Segment part 25. ROOT.      Intra module refs:   configurePressure
                                                   readPressure
           ENTRY                   ADDRESS         REF BY
           =====                   =======         ======
           U1DBUF                  000000F9 
    -------------------------------------------------------------------------
SFR_AN
  Relative segment, address: DATA 000000FA - 000000FA (0x1 bytes), align: 0
  Segment part 26. ROOT.      Intra module refs:   configureStuff
           ENTRY                   ADDRESS         REF BY
           =====                   =======         ======
           U1BAUD                  000000FA 
    -------------------------------------------------------------------------
SFR_AN
  Relative segment, address: DATA 000000FC - 000000FC (0x1 bytes), align: 0
  Segment part 27. ROOT.      Intra module refs:   configureStuff
           ENTRY                   ADDRESS         REF BY
           =====                   =======         ======
           U1GCR                   000000FC 
    -------------------------------------------------------------------------
SFR_AN
  Relative segment, address: DATA 000000FD - 000000FD (0x1 bytes), align: 0
  Segment part 28. ROOT.      Intra module refs:   configureStuff
           ENTRY                   ADDRESS         REF BY
           =====                   =======         ======
           P0DIR                   000000FD 
    -------------------------------------------------------------------------
SFR_AN
  Relative segment, address: DATA 000000FE - 000000FE (0x1 bytes), align: 0
  Segment part 29. ROOT.      Intra module refs:   configureStuff
           ENTRY                   ADDRESS         REF BY
           =====                   =======         ======
           P1DIR                   000000FE 
    -------------------------------------------------------------------------
SFR_AN
  Relative segment, address: DATA 000000FF - 000000FF (0x1 bytes), align: 0
  Segment part 30. ROOT.      Intra module refs:   configureStuff
           ENTRY                   ADDRESS         REF BY
           =====                   =======         ======
           P2DIR                   000000FF 
    -------------------------------------------------------------------------
<BANKED_CODE> 1 (was BANKED_CODE)
  Relative segment, address: CODE 00000B9C - 00000BA0 (0x5 bytes), align: 0
  Segment part 85.            Intra module refs:   halIntOn::?relay
           ENTRY                   ADDRESS         REF BY
           =====                   =======         ======
           halIntOn                00000B9C 
               XSTACK = 0000000E ( 00000000 )
    -------------------------------------------------------------------------
<BANKED_CODE> 1 (was BANKED_CODE)
  Relative segment, address: CODE 00000BA1 - 00000BA5 (0x5 bytes), align: 0
  Segment part 87.            Intra module refs:   halIntOff::?relay
           ENTRY                   ADDRESS         REF BY
           =====                   =======         ======
           halIntOff               00000BA1 
               XSTACK = 0000000E ( 00000000 )
    -------------------------------------------------------------------------
<BANKED_CODE> 1 (was BANKED_CODE)
  Relative segment, address: CODE 00000BA6 - 00000BD8 (0x33 bytes), align: 0
  Segment part 89.            Intra module refs:   halMcuWaitUs::?relay
           ENTRY                   ADDRESS         REF BY
           =====                   =======         ======
           halMcuWaitUs            00000BA6 
               XSTACK = 0000000E ( 00000000 )
    -------------------------------------------------------------------------
<BANKED_CODE> 1 (was BANKED_CODE)
  Relative segment, address: CODE 00000BD9 - 00000C05 (0x2d bytes), align: 0
  Segment part 91.            Intra module refs:   halMcuWaitMs::?relay
           ENTRY                   ADDRESS         REF BY
           =====                   =======         ======
           halMcuWaitMs            00000BD9 
               calls direct
               XSTACK = 00000009 ( 00000009 )
    -------------------------------------------------------------------------
XDATA_Z
  Relative segment, address: XDATA 000001FD - 000001FE (0x2 bytes), align: 0
  Segment part 47.            Intra module refs:   halRfRxInterruptConfig
                                                   rfIsr
           LOCAL                   ADDRESS         
           =====                   =======         
           pfISR                   000001FD 
    -------------------------------------------------------------------------
XDATA_I
  Relative segment, address: XDATA 00000452 - 00000452 (0x1 bytes), align: 0
  Segment part 48.            Intra module refs:   halRfGetRssiOffset
           LOCAL                   ADDRESS         
           =====                   =======         
           rssiOffset              00000452 
    -------------------------------------------------------------------------
XDATA_I
  Relative segment, address: XDATA 00000453 - 00000456 (0x4 bytes), align: 0
  Segment part 65.            Intra module refs:   basicRfInit
           ENTRY                   ADDRESS         REF BY
           =====                   =======         ======
           __Constant_0            00000453 
    -------------------------------------------------------------------------
<BANKED_CODE> 1 (was BANKED_CODE)
  Relative segment, address: CODE 00000C06 - 00000C31 (0x2c bytes), align: 0
  Segment part 93.            Intra module refs:   halRfInit::?relay
           ENTRY                   ADDRESS         REF BY
           =====                   =======         ======
           halRfInit               00000C06 
               calls direct
               XSTACK = 0000000C ( 00000000 )
               ISTACK = 00000000 ( 00000002 )
    -------------------------------------------------------------------------
<BANKED_CODE> 1 (was BANKED_CODE)
  Relative segment, address: CODE 00000C32 - 00000C41 (0x10 bytes), align: 0
  Segment part 95.            Intra module refs:   halRfGetRssiOffset::?relay
           ENTRY                   ADDRESS         REF BY
           =====                   =======         ======
           halRfGetRssiOffset      00000C32 
               XSTACK = 0000000E ( 00000000 )
               ISTACK = 00000000 ( 00000002 )
    -------------------------------------------------------------------------
<BANKED_CODE> 1 (was BANKED_CODE)
  Relative segment, address: CODE 00000C42 - 00000C57 (0x16 bytes), align: 0
  Segment part 97.            Intra module refs:   halRfSetChannel::?relay
           ENTRY                   ADDRESS         REF BY
           =====                   =======         ======
           halRfSetChannel         00000C42 
               XSTACK = 0000000C ( 00000000 )
               ISTACK = 00000000 ( 00000002 )
    -------------------------------------------------------------------------
<BANKED_CODE> 1 (was BANKED_CODE)
  Relative segment, address: CODE 00000C58 - 00000C6E (0x17 bytes), align: 0
  Segment part 99.            Intra module refs:   halRfSetShortAddr::?relay
           ENTRY                   ADDRESS         REF BY
           =====                   =======         ======
           halRfSetShortAddr       00000C58 
               XSTACK = 0000000C ( 00000000 )
               ISTACK = 00000000 ( 00000002 )
    -------------------------------------------------------------------------
<BANKED_CODE> 1 (was BANKED_CODE)
  Relative segment, address: CODE 00000C6F - 00000C85 (0x17 bytes), align: 0
  Segment part 101.           Intra module refs:   halRfSetPanId::?relay
           ENTRY                   ADDRESS         REF BY
           =====                   =======         ======
           halRfSetPanId           00000C6F 
               XSTACK = 0000000C ( 00000000 )
               ISTACK = 00000000 ( 00000002 )
    -------------------------------------------------------------------------
<BANKED_CODE> 1 (was BANKED_CODE)
  Relative segment, address: CODE 00000C86 - 00000CB1 (0x2c bytes), align: 0
  Segment part 103.           Intra module refs:   halRfWriteTxBuf::?relay
           ENTRY                   ADDRESS         REF BY
           =====                   =======         ======
           halRfWriteTxBuf         00000C86 
               XSTACK = 0000000E ( 0000000A )
    -------------------------------------------------------------------------
<BANKED_CODE> 1 (was BANKED_CODE)
  Relative segment, address: CODE 00000CB2 - 00000CD5 (0x24 bytes), align: 0
  Segment part 105.           Intra module refs:   halRfReadRxBuf::?relay
           ENTRY                   ADDRESS         REF BY
           =====                   =======         ======
           halRfReadRxBuf          00000CB2 
               XSTACK = 0000000A ( 00000000 )
               ISTACK = 00000000 ( 00000003 )
    -------------------------------------------------------------------------
<BANKED_CODE> 1 (was BANKED_CODE)
  Relative segment, address: CODE 00000CD6 - 00000CE6 (0x11 bytes), align: 0
  Segment part 107.           Intra module refs:   halRfTransmit::?relay
           ENTRY                   ADDRESS         REF BY
           =====                   =======         ======
           halRfTransmit           00000CD6 
               XSTACK = 0000000E ( 00000000 )
    -------------------------------------------------------------------------
<BANKED_CODE> 1 (was BANKED_CODE)
  Relative segment, address: CODE 00000CE7 - 00000CEF (0x9 bytes), align: 0
  Segment part 109.           Intra module refs:   halRfReceiveOn::?relay
           ENTRY                   ADDRESS         REF BY
           =====                   =======         ======
           halRfReceiveOn          00000CE7 
               XSTACK = 0000000E ( 00000000 )
    -------------------------------------------------------------------------
<BANKED_CODE> 1 (was BANKED_CODE)
  Relative segment, address: CODE 00000CF0 - 00000CF8 (0x9 bytes), align: 0
  Segment part 111.           Intra module refs:   halRfReceiveOff::?relay
           ENTRY                   ADDRESS         REF BY
           =====                   =======         ======
           halRfReceiveOff         00000CF0 
               XSTACK = 0000000E ( 00000000 )
    -------------------------------------------------------------------------
<BANKED_CODE> 1 (was BANKED_CODE)
  Relative segment, address: CODE 00000CF9 - 00000D0D (0x15 bytes), align: 0
  Segment part 113.           Intra module refs:   halRfDisableRxInterrupt::?relay
           ENTRY                   ADDRESS         REF BY
           =====                   =======         ======
           halRfDisableRxInterrupt
                                   00000CF9 
               XSTACK = 0000000E ( 00000000 )
               ISTACK = 00000000 ( 00000002 )
    -------------------------------------------------------------------------
<BANKED_CODE> 1 (was BANKED_CODE)
  Relative segment, address: CODE 00000D0E - 00000D22 (0x15 bytes), align: 0
  Segment part 115.           Intra module refs:   halRfEnableRxInterrupt::?relay
           ENTRY                   ADDRESS         REF BY
           =====                   =======         ======
           halRfEnableRxInterrupt
                                   00000D0E 
               XSTACK = 0000000E ( 00000000 )
               ISTACK = 00000000 ( 00000002 )
    -------------------------------------------------------------------------
<BANKED_CODE> 1 (was BANKED_CODE)
  Relative segment, address: CODE 00000D23 - 00000D42 (0x20 bytes), align: 0
  Segment part 117.           Intra module refs:   halRfRxInterruptConfig::?relay
           ENTRY                   ADDRESS         REF BY
           =====                   =======         ======
           halRfRxInterruptConfig
                                   00000D23 
               XSTACK = 0000000C ( 00000000 )
               ISTACK = 00000000 ( 00000002 )
    -------------------------------------------------------------------------
<BANKED_CODE> 1 (was BANKED_CODE)
  Relative segment, address: CODE 00000D43 - 00000D55 (0x13 bytes), align: 0
  Segment part 119.           Intra module refs:   halRfWaitTransceiverReady::?relay
           ENTRY                   ADDRESS         REF BY
           =====                   =======         ======
           halRfWaitTransceiverReady
                                   00000D43 
               XSTACK = 0000000E ( 00000000 )
               ISTACK = 00000000 ( 00000002 )
    -------------------------------------------------------------------------
NEAR_CODE
  Relative segment, address: CODE 00000506 - 00000546 (0x41 bytes), align: 0
  Segment part 145.           Intra module refs:   rfIsr::??INTVEC 131
           ENTRY                   ADDRESS         REF BY
           =====                   =======         ======
           rfIsr                   00000506 
               interrupt function
               ISTACK = 00000000 ( 0000000F )
    -------------------------------------------------------------------------
<BANKED_CODE> 1 (was BANKED_CODE)
  Relative segment, address: CODE 00000D56 - 00000D58 (0x3 bytes), align: 0
  Segment part 121.           Intra module refs:   halPaLnaInit::?relay
           LOCAL                   ADDRESS         
           =====                   =======         
           halPaLnaInit            00000D56 
    -------------------------------------------------------------------------
<BANKED_CODE> 1 (was BANKED_CODE)
  Relative segment, address: CODE 00000D59 - 00000D79 (0x21 bytes), align: 0
  Segment part 123.           Intra module refs:   halAssertHandler::?relay
           ENTRY                   ADDRESS         REF BY
           =====                   =======         ======
           halAssertHandler        00000D59 
               calls direct
               ISTACK = 00000000 ( 00000002 )
    -------------------------------------------------------------------------
XDATA_Z
  Relative segment, address: XDATA 000001FF - 0000020E (0x10 bytes), align: 0
  Segment part 50.            Intra module refs:   port0_ISR
           LOCAL                   ADDRESS         
           =====                   =======         
           port0_isr_tbl           000001FF 
    -------------------------------------------------------------------------
XDATA_Z
  Relative segment, address: XDATA 0000020F - 0000021E (0x10 bytes), align: 0
  Segment part 51.            Intra module refs:   port1_ISR
           LOCAL                   ADDRESS         
           =====                   =======         
           port1_isr_tbl           0000020F 
    -------------------------------------------------------------------------
XDATA_Z
  Relative segment, address: XDATA 0000021F - 00000228 (0xa bytes), align: 0
  Segment part 52.            Intra module refs:   port2_ISR
           LOCAL                   ADDRESS         
           =====                   =======         
           port2_isr_tbl           0000021F 
    -------------------------------------------------------------------------
NEAR_CODE
  Relative segment, address: CODE 00000547 - 000005DB (0x95 bytes), align: 0
  Segment part 146.           Intra module refs:   port0_ISR::??INTVEC 107
           ENTRY                   ADDRESS         REF BY
           =====                   =======         ======
           port0_ISR               00000547 
               interrupt function
               ISTACK = 00000000 ( 00000010 )
    -------------------------------------------------------------------------
NEAR_CODE
  Relative segment, address: CODE 000005DC - 00000670 (0x95 bytes), align: 0
  Segment part 147.           Intra module refs:   port1_ISR::??INTVEC 123
           ENTRY                   ADDRESS         REF BY
           =====                   =======         ======
           port1_ISR               000005DC 
               interrupt function
               ISTACK = 00000000 ( 00000010 )
    -------------------------------------------------------------------------
NEAR_CODE
  Relative segment, address: CODE 00000671 - 00000705 (0x95 bytes), align: 0
  Segment part 148.           Intra module refs:   port2_ISR::??INTVEC 51
           ENTRY                   ADDRESS         REF BY
           =====                   =======         ======
           port2_ISR               00000671 
               interrupt function
               ISTACK = 00000000 ( 00000010 )
    -------------------------------------------------------------------------
XDATA_Z
  Relative segment, address: XDATA 00000229 - 00000229 (0x1 bytes), align: 0
  Segment part 53.            Intra module refs:   halLedToggle
           ENTRY                   ADDRESS         REF BY
           =====                   =======         ======
           led4State               00000229 
    -------------------------------------------------------------------------
<BANKED_CODE> 1 (was BANKED_CODE)
  Relative segment, address: CODE 00000D7A - 00000DB5 (0x3c bytes), align: 0
  Segment part 125.           Intra module refs:   halLedToggle::?relay
           ENTRY                   ADDRESS         REF BY
           =====                   =======         ======
           halLedToggle            00000D7A 
               ISTACK = 00000000 ( 00000002 )
    -------------------------------------------------------------------------
<BANKED_CODE> 1 (was BANKED_CODE)
  Relative segment, address: CODE 00000DB6 - 00000DC5 (0x10 bytes), align: 0
  Segment part 127.           Intra module refs:   min::?relay
           ENTRY                   ADDRESS         REF BY
           =====                   =======         ======
           min                     00000DB6 
               XSTACK = 0000000E ( 00000000 )
    -------------------------------------------------------------------------
XDATA_Z
  Relative segment, address: XDATA 0000022A - 00000292 (0x69 bytes), align: 0
  Segment part 54.            Intra module refs:   configurePressure
                                                   readPressure
           ENTRY                   ADDRESS         REF BY
           =====                   =======         ======
           spiTxBuffer             0000022A 
    -------------------------------------------------------------------------
XDATA_Z
  Relative segment, address: XDATA 00000293 - 000002FB (0x69 bytes), align: 0
  Segment part 55.            Intra module refs:   readPressure
                                                   sendPressure
           ENTRY                   ADDRESS         REF BY
           =====                   =======         ======
           spiRxBuffer_Pressure    00000293 
    -------------------------------------------------------------------------
XDATA_Z
  Relative segment, address: XDATA 000002FC - 00000364 (0x69 bytes), align: 0
  Segment part 56.            Intra module refs:   sendPressure
           LOCAL                   ADDRESS         
           =====                   =======         
           pTxData                 000002FC 
    -------------------------------------------------------------------------
XDATA_Z
  Relative segment, address: XDATA 00000365 - 000003CD (0x69 bytes), align: 0
  Segment part 57.            Intra module refs:   main
           LOCAL                   ADDRESS         
           =====                   =======         
           pRxData                 00000365 
    -------------------------------------------------------------------------
XDATA_Z
  Relative segment, address: XDATA 000003CE - 00000436 (0x69 bytes), align: 0
  Segment part 58.            Intra module refs:   configurePressure
                                                   main
           LOCAL                   ADDRESS         
           =====                   =======         
           coeffBuf                000003CE 
    -------------------------------------------------------------------------
XDATA_Z
  Relative segment, address: XDATA 00000437 - 0000043C (0x6 bytes), align: 0
  Segment part 59.            Intra module refs:   basicRfSetUp
           LOCAL                   ADDRESS         
           =====                   =======         
           basicRfConfig           00000437 
    -------------------------------------------------------------------------
XDATA_Z
  Relative segment, address: XDATA 0000043D - 0000043E (0x2 bytes), align: 0
  Segment part 60.            Intra module refs:   LIGHTUP
           ENTRY                   ADDRESS         REF BY
           =====                   =======         ======
           counter                 0000043D 
    -------------------------------------------------------------------------
XDATA_Z
  Relative segment, address: XDATA 0000043F - 00000440 (0x2 bytes), align: 0
  Segment part 61.            Intra module refs:   LIGHTUP
           ENTRY                   ADDRESS         REF BY
           =====                   =======         ======
           dataCounter             0000043F 
    -------------------------------------------------------------------------
XDATA_Z
  Relative segment, address: XDATA 00000441 - 00000442 (0x2 bytes), align: 0
  Segment part 62.            Intra module refs:   sendPressure
           ENTRY                   ADDRESS         REF BY
           =====                   =======         ======
           spiPkg                  00000441 
    -------------------------------------------------------------------------
XDATA_Z
  Relative segment, address: XDATA 00000443 - 00000444 (0x2 bytes), align: 0
  Segment part 63.            Intra module refs:   LIGHTUP
                                                   main
           ENTRY                   ADDRESS         REF BY
           =====                   =======         ======
           sendPressureFlag        00000443 
    -------------------------------------------------------------------------
XDATA_Z
  Relative segment, address: XDATA 00000445 - 00000445 (0x1 bytes), align: 0
  Segment part 64.            Intra module refs:   main
                                                   sendPressure
           ENTRY                   ADDRESS         REF BY
           =====                   =======         ======
           rssiPow                 00000445 
    -------------------------------------------------------------------------
<BANKED_CODE> 1 (was BANKED_CODE)
  Relative segment, address: CODE 00000DC6 - 00000E74 (0xaf bytes), align: 0
  Segment part 129.
           ENTRY                   ADDRESS         REF BY
           =====                   =======         ======
           main                    00000DC6        ?call_main (?cmain)
               calls direct
    -------------------------------------------------------------------------
<BANKED_CODE> 1 (was BANKED_CODE)
  Relative segment, address: CODE 00000E75 - 00000EAE (0x3a bytes), align: 0
  Segment part 131.           Intra module refs:   basicRfSetUp::?relay
           LOCAL                   ADDRESS         
           =====                   =======         
           basicRfSetUp            00000E75 
               calls direct
               ISTACK = 00000000 ( 00000002 )
    -------------------------------------------------------------------------
<BANKED_CODE> 1 (was BANKED_CODE)
  Relative segment, address: CODE 00000EAF - 00000FA8 (0xfa bytes), align: 0
  Segment part 133.           Intra module refs:   configurePressure::?relay
           LOCAL                   ADDRESS         
           =====                   =======         
           configurePressure       00000EAF 
               calls direct
               XSTACK = 00000000 ( 00000009 )
               ISTACK = 00000000 ( 00000001 )
    -------------------------------------------------------------------------
<BANKED_CODE> 1 (was BANKED_CODE)
  Relative segment, address: CODE 00000FA9 - 0000109F (0xf7 bytes), align: 0
  Segment part 135.           Intra module refs:   readPressure::?relay
           LOCAL                   ADDRESS         
           =====                   =======         
           readPressure            00000FA9 
               calls direct
               XSTACK = 00000000 ( 00000009 )
               ISTACK = 00000000 ( 00000001 )
    -------------------------------------------------------------------------
<BANKED_CODE> 1 (was BANKED_CODE)
  Relative segment, address: CODE 000010A0 - 0000124C (0x1ad bytes), align: 0
  Segment part 137.           Intra module refs:   sendPressure::?relay
           ENTRY                   ADDRESS         REF BY
           =====                   =======         ======
           sendPressure            000010A0 
               calls direct
               XSTACK = 00000000 ( 00000009 )
               ISTACK = 00000000 ( 00000001 )
    -------------------------------------------------------------------------
NEAR_CODE
  Relative segment, address: CODE 00000706 - 00000756 (0x51 bytes), align: 0
  Segment part 149.           Intra module refs:   LIGHTUP::??INTVEC 75
           ENTRY                   ADDRESS         REF BY
           =====                   =======         ======
           LIGHTUP                 00000706 
               interrupt function
               ISTACK = 00000000 ( 00000004 )
    -------------------------------------------------------------------------
<BANKED_CODE> 1 (was BANKED_CODE)
  Relative segment, address: CODE 0000124D - 0000127F (0x33 bytes), align: 0
  Segment part 139.           Intra module refs:   turnOnCS::?relay
           LOCAL                   ADDRESS         
           =====                   =======         
           turnOnCS                0000124D 
               XSTACK = 00000009 ( 00000000 )
    -------------------------------------------------------------------------
<BANKED_CODE> 1 (was BANKED_CODE)
  Relative segment, address: CODE 00001280 - 000012B2 (0x33 bytes), align: 0
  Segment part 141.           Intra module refs:   turnOffCS::?relay
           LOCAL                   ADDRESS         
           =====                   =======         
           turnOffCS               00001280 
               XSTACK = 00000009 ( 00000000 )
    -------------------------------------------------------------------------
<BANKED_CODE> 1 (was BANKED_CODE)
  Relative segment, address: CODE 000012B3 - 00001351 (0x9f bytes), align: 0
  Segment part 143.           Intra module refs:   configureStuff::?relay
           ENTRY                   ADDRESS         REF BY
           =====                   =======         ======
           configureStuff          000012B3 
               ISTACK = 00000000 ( 00000002 )
    -------------------------------------------------------------------------
INTVEC
  Common segment, address: CODE 00000000 - 00000035 (0x36 bytes), align: 0
  Segment part 31. ROOT.
           ENTRY                   ADDRESS         REF BY
           =====                   =======         ======
           port2_ISR::??INTVEC 51
                                   00000033 
    -------------------------------------------------------------------------
INTVEC
  Common segment, address: CODE 00000000 - 0000004D (0x4e bytes), align: 0
  Segment part 32. ROOT.
           ENTRY                   ADDRESS         REF BY
           =====                   =======         ======
           LIGHTUP::??INTVEC 75    0000004B 
    -------------------------------------------------------------------------
INTVEC
  Common segment, address: CODE 00000000 - 0000006D (0x6e bytes), align: 0
  Segment part 33. ROOT.
           ENTRY                   ADDRESS         REF BY
           =====                   =======         ======
           port0_ISR::??INTVEC 107
                                   0000006B 
    -------------------------------------------------------------------------
INTVEC
  Common segment, address: CODE 00000000 - 0000007D (0x7e bytes), align: 0
  Segment part 34. ROOT.
           ENTRY                   ADDRESS         REF BY
           =====                   =======         ======
           port1_ISR::??INTVEC 123
                                   0000007B 
    -------------------------------------------------------------------------
INTVEC
  Common segment, address: CODE 00000000 - 00000085 (0x86 bytes), align: 0
  Segment part 35. ROOT.
           ENTRY                   ADDRESS         REF BY
           =====                   =======         ======
           rfIsr::??INTVEC 131     00000083 
    -------------------------------------------------------------------------
XDATA_ID
  Relative segment, address: CODE 00000142 - 0000014D (0xc bytes), align: 0
  Segment part 42.            Intra module refs:   rxi
    -------------------------------------------------------------------------
XDATA_ID
  Relative segment, address: CODE 0000014E - 0000014E (0x1 bytes), align: 0
  Segment part 49.            Intra module refs:   rssiOffset
    -------------------------------------------------------------------------
XDATA_ID
  Relative segment, address: CODE 0000014F - 00000152 (0x4 bytes), align: 0
  Segment part 66.            Intra module refs:   __Constant_0
    -------------------------------------------------------------------------
BANK_RELAYS
  Relative segment, address: CODE 00000153 - 00000158 (0x6 bytes), align: 0
  Segment part 68.            Intra module refs:   basicRfBuildMpdu
           LOCAL                   ADDRESS         
           =====                   =======         
           basicRfBuildHeader::?relay
                                   00000153 
    -------------------------------------------------------------------------
BANK_RELAYS
  Relative segment, address: CODE 00000159 - 0000015E (0x6 bytes), align: 0
  Segment part 70.            Intra module refs:   basicRfSendPacket
           LOCAL                   ADDRESS         
           =====                   =======         
           basicRfBuildMpdu::?relay
                                   00000159 
    -------------------------------------------------------------------------
BANK_RELAYS
  Relative segment, address: CODE 0000015F - 00000164 (0x6 bytes), align: 0
  Segment part 72.            Intra module refs:   basicRfInit
           LOCAL                   ADDRESS         
           =====                   =======         
           basicRfRxFrmDoneIsr::?relay
                                   0000015F 
    -------------------------------------------------------------------------
BANK_RELAYS
  Relative segment, address: CODE 00000165 - 0000016A (0x6 bytes), align: 0
  Segment part 74.            Intra module refs:   basicRfSetUp
           ENTRY                   ADDRESS         REF BY
           =====                   =======         ======
           basicRfInit::?relay     00000165 
    -------------------------------------------------------------------------
BANK_RELAYS
  Relative segment, address: CODE 0000016B - 00000170 (0x6 bytes), align: 0
  Segment part 76.            Intra module refs:   main
                                                   sendPressure
           ENTRY                   ADDRESS         REF BY
           =====                   =======         ======
           basicRfSendPacket::?relay
                                   0000016B 
    -------------------------------------------------------------------------
BANK_RELAYS
  Relative segment, address: CODE 00000171 - 00000176 (0x6 bytes), align: 0
  Segment part 78.            Intra module refs:   main
           ENTRY                   ADDRESS         REF BY
           =====                   =======         ======
           basicRfPacketIsReady::?relay
                                   00000171 
    -------------------------------------------------------------------------
BANK_RELAYS
  Relative segment, address: CODE 00000177 - 0000017C (0x6 bytes), align: 0
  Segment part 80.            Intra module refs:   main
           ENTRY                   ADDRESS         REF BY
           =====                   =======         ======
           basicRfReceive::?relay
                                   00000177 
    -------------------------------------------------------------------------
BANK_RELAYS
  Relative segment, address: CODE 0000017D - 00000182 (0x6 bytes), align: 0
  Segment part 82.            Intra module refs:   main
           ENTRY                   ADDRESS         REF BY
           =====                   =======         ======
           basicRfReceiveOn::?relay
                                   0000017D 
    -------------------------------------------------------------------------
BANK_RELAYS
  Relative segment, address: CODE 00000183 - 00000188 (0x6 bytes), align: 0
  Segment part 84.            Intra module refs:   main
           ENTRY                   ADDRESS         REF BY
           =====                   =======         ======
           basicRfReceiveOff::?relay
                                   00000183 
    -------------------------------------------------------------------------
BANK_RELAYS
  Relative segment, address: CODE 00000189 - 0000018E (0x6 bytes), align: 0
  Segment part 86.            Intra module refs:   basicRfInit
                                                   basicRfReceive
                                                   basicRfRxFrmDoneIsr
           ENTRY                   ADDRESS         REF BY
           =====                   =======         ======
           halIntOn::?relay        00000189 
    -------------------------------------------------------------------------
BANK_RELAYS
  Relative segment, address: CODE 0000018F - 00000194 (0x6 bytes), align: 0
  Segment part 88.            Intra module refs:   basicRfInit
                                                   basicRfReceive
                                                   basicRfRxFrmDoneIsr
           ENTRY                   ADDRESS         REF BY
           =====                   =======         ======
           halIntOff::?relay       0000018F 
    -------------------------------------------------------------------------
BANK_RELAYS
  Relative segment, address: CODE 00000195 - 0000019A (0x6 bytes), align: 0
  Segment part 90.            Intra module refs:   basicRfSendPacket
                                                   halMcuWaitMs
           ENTRY                   ADDRESS         REF BY
           =====                   =======         ======
           halMcuWaitUs::?relay    00000195 
    -------------------------------------------------------------------------
BANK_RELAYS
  Relative segment, address: CODE 0000019B - 000001A0 (0x6 bytes), align: 0
  Segment part 92.            Intra module refs:   halAssertHandler
                                                   main
                                                   readPressure
           ENTRY                   ADDRESS         REF BY
           =====                   =======         ======
           halMcuWaitMs::?relay    0000019B 
    -------------------------------------------------------------------------
BANK_RELAYS
  Relative segment, address: CODE 000001A1 - 000001A6 (0x6 bytes), align: 0
  Segment part 94.            Intra module refs:   basicRfInit
                                                   main
           ENTRY                   ADDRESS         REF BY
           =====                   =======         ======
           halRfInit::?relay       000001A1 
    -------------------------------------------------------------------------
BANK_RELAYS
  Relative segment, address: CODE 000001A7 - 000001AC (0x6 bytes), align: 0
  Segment part 96.            Intra module refs:   basicRfReceive
           ENTRY                   ADDRESS         REF BY
           =====                   =======         ======
           halRfGetRssiOffset::?relay
                                   000001A7 
    -------------------------------------------------------------------------
BANK_RELAYS
  Relative segment, address: CODE 000001AD - 000001B2 (0x6 bytes), align: 0
  Segment part 98.            Intra module refs:   basicRfInit
           ENTRY                   ADDRESS         REF BY
           =====                   =======         ======
           halRfSetChannel::?relay
                                   000001AD 
    -------------------------------------------------------------------------
BANK_RELAYS
  Relative segment, address: CODE 000001B3 - 000001B8 (0x6 bytes), align: 0
  Segment part 100.           Intra module refs:   basicRfInit
           ENTRY                   ADDRESS         REF BY
           =====                   =======         ======
           halRfSetShortAddr::?relay
                                   000001B3 
    -------------------------------------------------------------------------
BANK_RELAYS
  Relative segment, address: CODE 000001B9 - 000001BE (0x6 bytes), align: 0
  Segment part 102.           Intra module refs:   basicRfInit
           ENTRY                   ADDRESS         REF BY
           =====                   =======         ======
           halRfSetPanId::?relay   000001B9 
    -------------------------------------------------------------------------
BANK_RELAYS
  Relative segment, address: CODE 000001BF - 000001C4 (0x6 bytes), align: 0
  Segment part 104.           Intra module refs:   basicRfSendPacket
           ENTRY                   ADDRESS         REF BY
           =====                   =======         ======
           halRfWriteTxBuf::?relay
                                   000001BF 
    -------------------------------------------------------------------------
BANK_RELAYS
  Relative segment, address: CODE 000001C5 - 000001CA (0x6 bytes), align: 0
  Segment part 106.           Intra module refs:   basicRfRxFrmDoneIsr
           ENTRY                   ADDRESS         REF BY
           =====                   =======         ======
           halRfReadRxBuf::?relay
                                   000001C5 
    -------------------------------------------------------------------------
BANK_RELAYS
  Relative segment, address: CODE 000001CB - 000001D0 (0x6 bytes), align: 0
  Segment part 108.           Intra module refs:   basicRfSendPacket
           ENTRY                   ADDRESS         REF BY
           =====                   =======         ======
           halRfTransmit::?relay   000001CB 
    -------------------------------------------------------------------------
BANK_RELAYS
  Relative segment, address: CODE 000001D1 - 000001D6 (0x6 bytes), align: 0
  Segment part 110.           Intra module refs:   basicRfReceiveOn
                                                   basicRfSendPacket
           ENTRY                   ADDRESS         REF BY
           =====                   =======         ======
           halRfReceiveOn::?relay
                                   000001D1 
    -------------------------------------------------------------------------
BANK_RELAYS
  Relative segment, address: CODE 000001D7 - 000001DC (0x6 bytes), align: 0
  Segment part 112.           Intra module refs:   basicRfReceiveOff
                                                   basicRfSendPacket
           ENTRY                   ADDRESS         REF BY
           =====                   =======         ======
           halRfReceiveOff::?relay
                                   000001D7 
    -------------------------------------------------------------------------
BANK_RELAYS
  Relative segment, address: CODE 000001DD - 000001E2 (0x6 bytes), align: 0
  Segment part 114.           Intra module refs:   basicRfRxFrmDoneIsr
                                                   basicRfSendPacket
           ENTRY                   ADDRESS         REF BY
           =====                   =======         ======
           halRfDisableRxInterrupt::?relay
                                   000001DD 
    -------------------------------------------------------------------------
BANK_RELAYS
  Relative segment, address: CODE 000001E3 - 000001E8 (0x6 bytes), align: 0
  Segment part 116.           Intra module refs:   basicRfRxFrmDoneIsr
                                                   basicRfSendPacket
                                                   halRfInit
           ENTRY                   ADDRESS         REF BY
           =====                   =======         ======
           halRfEnableRxInterrupt::?relay
                                   000001E3 
    -------------------------------------------------------------------------
BANK_RELAYS
  Relative segment, address: CODE 000001E9 - 000001EE (0x6 bytes), align: 0
  Segment part 118.           Intra module refs:   basicRfInit
           ENTRY                   ADDRESS         REF BY
           =====                   =======         ======
           halRfRxInterruptConfig::?relay
                                   000001E9 
    -------------------------------------------------------------------------
BANK_RELAYS
  Relative segment, address: CODE 000001EF - 000001F4 (0x6 bytes), align: 0
  Segment part 120.           Intra module refs:   basicRfSendPacket
           ENTRY                   ADDRESS         REF BY
           =====                   =======         ======
           halRfWaitTransceiverReady::?relay
                                   000001EF 
    -------------------------------------------------------------------------
BANK_RELAYS
  Relative segment, address: CODE 000001F5 - 000001FA (0x6 bytes), align: 0
  Segment part 122.           Intra module refs:   halRfInit
           LOCAL                   ADDRESS         
           =====                   =======         
           halPaLnaInit::?relay    000001F5 
    -------------------------------------------------------------------------
BANK_RELAYS
  Relative segment, address: CODE 000001FB - 00000200 (0x6 bytes), align: 0
[...]
                                                   halRfSetChannel::?relay (basic_rf)
                                                   halRfSetPanId::?relay (basic_rf)
                                                   halRfSetShortAddr::?relay (basic_rf)
                                                   halRfTransmit::?relay (basic_rf)
                                                   halRfWaitTransceiverReady::?relay (basic_rf)
                                                   halRfWriteTxBuf::?relay (basic_rf)
                                                   memcpy::?relay (?memcpy)
                                                   min::?relay (basic_rf)
                                                   readPressure::?relay (basic_rf)
                                                   sendPressure::?relay (basic_rf)
                                                   turnOffCS::?relay (basic_rf)
                                                   turnOnCS::?relay (basic_rf)

    -------------------------------------------------------------------------
  LIBRARY MODULE, NAME : ?L_MOV_X

  SEGMENTS IN THE MODULE
  ======================
RCODE
  Relative segment, address: CODE 0000023D - 0000024B (0xf bytes), align: 0
  Segment part 0.
           ENTRY                   ADDRESS         REF BY
           =====                   =======         ======
           ?L_MOV_X                0000023D        basicRfInit (basic_rf)

    -------------------------------------------------------------------------
  LIBRARY MODULE, NAME : ?L_MOV_TO_X

  SEGMENTS IN THE MODULE
  ======================
RCODE
  Relative segment, address: CODE 0000024C - 0000025A (0xf bytes), align: 0
  Segment part 2.
           ENTRY                   ADDRESS         REF BY
           =====                   =======         ======
           ?L_MOV_TO_X             0000024C        basicRfInit (basic_rf)

    -------------------------------------------------------------------------
  LIBRARY MODULE, NAME : ?MOVE_LONG8_XDATA_IDATA

  SEGMENTS IN THE MODULE
  ======================
RCODE
  Relative segment, address: CODE 0000025B - 00000267 (0xd bytes), align: 0
  Segment part 0.
           ENTRY                   ADDRESS         REF BY
           =====                   =======         ======
           ?MOVE_LONG8_XDATA_IDATA
                                   0000025B        ?PUSH_XSTACK_I (?PUSH_XSTACK_I)

    -------------------------------------------------------------------------
  LIBRARY MODULE, NAME : ?S_DIV_MOD

  SEGMENTS IN THE MODULE
  ======================
RCODE
  Relative segment, address: CODE 00000268 - 000002A8 (0x41 bytes), align: 0
  Segment part 0.
           ENTRY                   ADDRESS         REF BY
           =====                   =======         ======
           ?S_DIV_MOD              000002A1        sendPressure (basic_rf)
    -------------------------------------------------------------------------
RCODE
  Relative segment, address: CODE 000002A9 - 00000301 (0x59 bytes), align: 0
  Segment part 1.             Intra module refs:   ?S_DIV_MOD
           ENTRY                   ADDRESS         REF BY
           =====                   =======         ======
           ?US_DIV_MOD             000002A9 

    -------------------------------------------------------------------------
  LIBRARY MODULE, NAME : ?S_SHL

  SEGMENTS IN THE MODULE
  ======================
RCODE
  Relative segment, address: CODE 00000302 - 00000304 (0x3 bytes), align: 0
  Segment part 0.
           ENTRY                   ADDRESS         REF BY
           =====                   =======         ======
           ?S_SHL                  00000302        port0_ISR (basic_rf)
                                                   port1_ISR (basic_rf)
                                                   port2_ISR (basic_rf)
    -------------------------------------------------------------------------
RCODE
  Relative segment, address: CODE 00000305 - 00000307 (0x3 bytes), align: 0
  Segment part 1.             Intra module refs:   Segment part 2
           ENTRY                   ADDRESS         REF BY
           =====                   =======         ======
           ?S_SHL_REW              00000305 
    -------------------------------------------------------------------------
RCODE
  Relative segment, address: CODE 00000308 - 00000314 (0xd bytes), align: 0
  Segment part 2.             Intra module refs:   ?S_SHL
                                                   ?S_SHL_REW

    -------------------------------------------------------------------------
  LIBRARY MODULE, NAME : ?ALLOC_XSTACK8

  SEGMENTS IN THE MODULE
  ======================
RCODE
  Relative segment, address: CODE 00000315 - 0000032A (0x16 bytes), align: 0
  Segment part 0.
           ENTRY                   ADDRESS         REF BY
           =====                   =======         ======
           ?ALLOC_XSTACK8          00000315        basicRfBuildMpdu (basic_rf)

    -------------------------------------------------------------------------
  LIBRARY MODULE, NAME : ?DEALLOC_XSTACK8

  SEGMENTS IN THE MODULE
  ======================
RCODE
  Relative segment, address: CODE 0000032B - 00000344 (0x1a bytes), align: 0
  Segment part 0.
           ENTRY                   ADDRESS         REF BY
           =====                   =======         ======
           ?DEALLOC_XSTACK8        0000032B        basicRfBuildMpdu (basic_rf)
                                                   basicRfReceive (basic_rf)

    -------------------------------------------------------------------------
  LIBRARY MODULE, NAME : ?ADD_XSTACK_DISP8

  SEGMENTS IN THE MODULE
  ======================
RCODE
  Relative segment, address: CODE 00000345 - 0000035F (0x1b bytes), align: 0
  Segment part 1.
           ENTRY                   ADDRESS         REF BY
           =====                   =======         ======
           ?ADD_XSTACK_DISP0_8     00000345        ?PUSH_XSTACK_I (?PUSH_XSTACK_I)

    -------------------------------------------------------------------------
  LIBRARY MODULE, NAME : ?XSTACK_DISP8

  SEGMENTS IN THE MODULE
  ======================
RCODE
  Relative segment, address: CODE 00000360 - 00000369 (0xa bytes), align: 0
  Segment part 1.
           ENTRY                   ADDRESS         REF BY
           =====                   =======         ======
           ?XSTACK_DISP0_8         00000360        memcpy (?memcpy)

    -------------------------------------------------------------------------
  LIBRARY MODULE, NAME : ?CALL_IND

  SEGMENTS IN THE MODULE
  ======================
RCODE
  Relative segment, address: CODE 0000036A - 0000036B (0x2 bytes), align: 0
  Segment part 0.
           ENTRY                   ADDRESS         REF BY
           =====                   =======         ======
           ?CALL_IND               0000036A        port0_ISR (basic_rf)
                                                   port1_ISR (basic_rf)
                                                   port2_ISR (basic_rf)
                                                   rfIsr (basic_rf)

    -------------------------------------------------------------------------
  LIBRARY MODULE, NAME : ?BANKED_ENTER_XDATA

  SEGMENTS IN THE MODULE
  ======================
RCODE
  Relative segment, address: CODE 0000036C - 000003D1 (0x66 bytes), align: 0
  Segment part 1.
           ENTRY                   ADDRESS         REF BY
           =====                   =======         ======
           ?BANKED_ENTER_XDATA     0000036C        basicRfBuildHeader (basic_rf)
                                                   basicRfBuildMpdu (basic_rf)
                                                   basicRfInit (basic_rf)
                                                   basicRfReceive (basic_rf)
                                                   basicRfRxFrmDoneIsr (basic_rf)
                                                   basicRfSendPacket (basic_rf)
                                                   configurePressure (basic_rf)
                                                   halMcuWaitMs (basic_rf)
                                                   halRfWriteTxBuf (basic_rf)
                                                   memcpy (?memcpy)
                                                   readPressure (basic_rf)
                                                   sendPressure (basic_rf)

    -------------------------------------------------------------------------
  LIBRARY MODULE, NAME : ?BANKED_LEAVE_XDATA

  SEGMENTS IN THE MODULE
  ======================
RCODE
  Relative segment, address: CODE 000003D2 - 0000040F (0x3e bytes), align: 0
  Segment part 1.
           ENTRY                   ADDRESS         REF BY
           =====                   =======         ======
           ?BANKED_LEAVE_XDATA     000003D2        basicRfBuildHeader (basic_rf)
                                                   basicRfBuildMpdu (basic_rf)
                                                   basicRfInit (basic_rf)
                                                   basicRfReceive (basic_rf)
                                                   basicRfRxFrmDoneIsr (basic_rf)
                                                   basicRfSendPacket (basic_rf)
                                                   configurePressure (basic_rf)
                                                   halMcuWaitMs (basic_rf)
                                                   halRfWriteTxBuf (basic_rf)
                                                   memcpy (?memcpy)
                                                   readPressure (basic_rf)
                                                   sendPressure (basic_rf)

    -------------------------------------------------------------------------
  LIBRARY MODULE, NAME : ?INTERRUPT_ENTER_XSP

  SEGMENTS IN THE MODULE
  ======================
RCODE
  Relative segment, address: CODE 00000410 - 0000046E (0x5f bytes), align: 0
  Segment part 1.
           ENTRY                   ADDRESS         REF BY
           =====                   =======         ======
           ?INTERRUPT_ENTER_XSP    00000410        port0_ISR (basic_rf)
                                                   port1_ISR (basic_rf)
                                                   port2_ISR (basic_rf)
                                                   rfIsr (basic_rf)

    -------------------------------------------------------------------------
  LIBRARY MODULE, NAME : ?INTERRUPT_LEAVE_XSP

  SEGMENTS IN THE MODULE
  ======================
RCODE
  Relative segment, address: CODE 0000046F - 000004BE (0x50 bytes), align: 0
  Segment part 1.
           ENTRY                   ADDRESS         REF BY
           =====                   =======         ======
           ?INTERRUPT_LEAVE_XSP    0000046F        port0_ISR (basic_rf)
                                                   port1_ISR (basic_rf)
                                                   port2_ISR (basic_rf)
                                                   rfIsr (basic_rf)

    -------------------------------------------------------------------------
  LIBRARY MODULE, NAME : ?PUSH_XSTACK_I

  SEGMENTS IN THE MODULE
  ======================
RCODE
  Relative segment, address: CODE 000004BF - 000004C2 (0x4 bytes), align: 0
  Segment part 2.
           ENTRY                   ADDRESS         REF BY
           =====                   =======         ======
           ?PUSH_XSTACK_I_TWO      000004BF        basicRfReceive (basic_rf)
    -------------------------------------------------------------------------
RCODE
  Relative segment, address: CODE 000004C3 - 000004CF (0xd bytes), align: 0
  Segment part 4.             Intra module refs:   ?PUSH_XSTACK_I_TWO
           ENTRY                   ADDRESS         REF BY
           =====                   =======         ======
           ?PUSH_XSTACK_I          000004C3 

    -------------------------------------------------------------------------
  LIBRARY MODULE, NAME : ?UC_SWITCH_DENSE

  SEGMENTS IN THE MODULE
  ======================
RCODE
  Relative segment, address: CODE 000004D0 - 000004D5 (0x6 bytes), align: 0
  Segment part 0.
           ENTRY                   ADDRESS         REF BY
           =====                   =======         ======
           ?UC_SWITCH_DENSE        000004D0        halLedToggle (basic_rf)
    -------------------------------------------------------------------------
RCODE
  Relative segment, address: CODE 000004D6 - 00000504 (0x2f bytes), align: 0
  Segment part 2.             Intra module refs:   ?UC_SWITCH_DENSE
    -------------------------------------------------------------------------
RCODE
  Relative segment, address: CODE 00000505 - 00000505 (0x1 bytes), align: 0
  Segment part 4.             Intra module refs:   ?UC_SWITCH_DENSE

    -------------------------------------------------------------------------
  LIBRARY MODULE, NAME : ?memcpy

  SEGMENTS IN THE MODULE
  ======================
<BANKED_CODE> 1 (was BANKED_CODE)
  Relative segment, address: CODE 00001352 - 00001399 (0x48 bytes), align: 0
  Segment part 6.             Intra module refs:   memcpy::?relay
           ENTRY                   ADDRESS         REF BY
           =====                   =======         ======
           memcpy                  00001352 
               XSTACK = 00000002 ( 0000000A )
               ISTACK = 00000000 ( 00000001 )
    -------------------------------------------------------------------------
BANK_RELAYS
  Relative segment, address: CODE 00000237 - 0000023C (0x6 bytes), align: 0
  Segment part 7.
           ENTRY                   ADDRESS         REF BY
           =====                   =======         ======
           memcpy::?relay          00000237        basicRfReceive (basic_rf)

    -------------------------------------------------------------------------
  LIBRARY MODULE, NAME : ?low_level_init

  SEGMENTS IN THE MODULE
  ======================
CSTART
  Relative segment, address: CODE 0000013F - 00000141 (0x3 bytes), align: 0
  Segment part 6. ROOT.
           ENTRY                   ADDRESS         REF BY
           =====                   =======         ======
           __low_level_init        0000013F        __low_level_init_call (?cmain)




                ****************************************
                *                                      *
                *            MODULE SUMMARY            *
                *                                      *
                ****************************************

Module                    CODE      DATA      XDATA  IDATA    BIT
------                    ----      ----      -----  -----    ---
                         (Rel)  (Rel)  (Abs)  (Rel)  (Rel)  (Rel)
?ADD_XSTACK_DISP8           27
?ALLOC_XSTACK8              22
?BANKED_CODE_SUPPORT        74
?BANKED_ENTER_XDATA        102
?BANKED_LEAVE_XDATA         62
?CALL_IND                    2
?DEALLOC_XSTACK8            26
?INTERRUPT_ENTER_XSP        95
?INTERRUPT_LEAVE_XSP        80
?L_MOV_TO_X                 15
?L_MOV_X                    15
?MOVE_LONG8_XDATA_IDATA     13
?PUSH_XSTACK_I              17
?S_DIV_MOD                 154
?S_SHL                      19
?UC_SWITCH_DENSE            54
?XSTACK_DISP8               10
?cexit                       5
?cmain                      88
?low_level_init              3
?memcpy                     78
CSTARTUP                    18
  + common                   3
VIRTUAL_REGISTERS                   2                           8
basic_rf                 3 905            30    854
  + common                 134
N/A (command line)                 16           256     64
N/A (alignment)
----------               -----     --     --  -----     --      -
Total:                   4 884     18     30  1 110     64      8
  + common                 134


                ****************************************
                *                                      *
                *      SEGMENTS IN ADDRESS ORDER       *
                *                                      *
                ****************************************


SEGMENT              SPACE    START ADDRESS   END ADDRESS     SIZE  TYPE  ALIGN
=======              =====    =============   ===========     ====  ====  =====
INTVEC               CODE          00000000 - 00000085          86   com    0
CSTART               CODE          00000086 - 00000141          BC   rel    0
DATA_ID              CODE               00000142                     dse    0
BDATA_ID             CODE               00000142                     dse    0
BIT_ID               CODE               00000142                     dse    0
IDATA_ID             CODE               00000142                     dse    0
PDATA_ID             CODE               00000142                     dse    0
IXDATA_ID            CODE               00000142                     dse    0
XDATA_ID             CODE          00000142 - 00000152          11   rel    0
BANK_RELAYS          CODE          00000153 - 0000023C          EA   rel    0
RCODE                CODE          0000023D - 00000505         2C9   rel    0
CODE_N               CODE               00000506                     dse    0
CODE_C               CODE               00000506                     dse    0
DIFUNCT              CODE               00000506                     dse    0
NEAR_CODE            CODE          00000506 - 00000756         251   rel    0
<BANKED_CODE> 1      CODE          00000757 - 00001399         C43   rel    0
REGISTERS            DATA          00000000 - 00000007           8   rel    0
VREG                 DATA          00000008 - 0000000F           8   rel    0
PSP                  DATA               00000010                     dse    0
XSP                  DATA          00000010 - 00000011           2   rel    0
BREG                 BIT        00000020.0  -  00000020.7        8   rel    0
SFR_AN               DATA          00000080 - 00000080           1   rel    0
                     DATA          00000089 - 0000008B           3 
                     DATA          00000090 - 00000091           2 
                     DATA          0000009A - 0000009B           2 
                     DATA          0000009E - 0000009E           1 
                     DATA          000000A8 - 000000A8           1 
                     DATA          000000B8 - 000000B8           1 
                     DATA          000000C0 - 000000C0           1 
                     DATA          000000C6 - 000000C6           1 
                     DATA          000000D9 - 000000DB           3 
                     DATA          000000E1 - 000000E1           1 
                     DATA          000000E4 - 000000E4           1 
                     DATA          000000E8 - 000000E9           2 
                     DATA          000000F1 - 000000F1           1 
                     DATA          000000F3 - 000000F4           2 
                     DATA          000000F8 - 000000FA           3 
                     DATA          000000FC - 000000FF           4 
XSTACK               XDATA         00000001 - 00000100         100   rel    0
XDATA_Z              XDATA         00000101 - 00000445         345   rel    0
XDATA_I              XDATA         00000446 - 00000456          11   rel    0
ISTACK               IDATA         000000C0 - 000000FF          40   rel    0

                ****************************************
                *                                      *
                *        END OF CROSS REFERENCE        *
                *                                      *
                ****************************************

 5 018 bytes of CODE  memory
    18 bytes of DATA  memory (+ 30 absolute )
 1 110 bytes of XDATA memory
    64 bytes of IDATA memory
     8 bits  of BIT   memory

Errors: none
Warnings: none

